Archive member included to satisfy reference by file (symbol)

/home/gwu-sys-lab/Desktop/01Research/04minlib/minlib-tech/02src/test/test04/04glibc/build/libc_pic.a(check_fds.os)
                              /home/gwu-sys-lab/Desktop/01Research/04minlib/minlib-tech/02src/test/test04/04glibc/build/elf/dl-allobjs.os (__libc_check_standard_fds)
/home/gwu-sys-lab/Desktop/01Research/04minlib/minlib-tech/02src/test/test04/04glibc/build/libc_pic.a(errno.os)
                              /home/gwu-sys-lab/Desktop/01Research/04minlib/minlib-tech/02src/test/test04/04glibc/build/libc_pic.a(check_fds.os) (__libc_errno)
/home/gwu-sys-lab/Desktop/01Research/04minlib/minlib-tech/02src/test/test04/04glibc/build/libc_pic.a(setjmp.os)
                              /home/gwu-sys-lab/Desktop/01Research/04minlib/minlib-tech/02src/test/test04/04glibc/build/elf/dl-allobjs.os (__sigsetjmp)
/home/gwu-sys-lab/Desktop/01Research/04minlib/minlib-tech/02src/test/test04/04glibc/build/libc_pic.a(__longjmp.os)
                              /home/gwu-sys-lab/Desktop/01Research/04minlib/minlib-tech/02src/test/test04/04glibc/build/elf/dl-allobjs.os (__longjmp)
/home/gwu-sys-lab/Desktop/01Research/04minlib/minlib-tech/02src/test/test04/04glibc/build/libc_pic.a(lowlevellock.os)
                              /home/gwu-sys-lab/Desktop/01Research/04minlib/minlib-tech/02src/test/test04/04glibc/build/elf/dl-allobjs.os (__lll_lock_wait_private)
/home/gwu-sys-lab/Desktop/01Research/04minlib/minlib-tech/02src/test/test04/04glibc/build/libc_pic.a(scratch_buffer_set_array_size.os)
                              /home/gwu-sys-lab/Desktop/01Research/04minlib/minlib-tech/02src/test/test04/04glibc/build/elf/dl-allobjs.os (__libc_scratch_buffer_set_array_size)
/home/gwu-sys-lab/Desktop/01Research/04minlib/minlib-tech/02src/test/test04/04glibc/build/libc_pic.a(strchr.os)
                              /home/gwu-sys-lab/Desktop/01Research/04minlib/minlib-tech/02src/test/test04/04glibc/build/elf/dl-allobjs.os (strchr)
/home/gwu-sys-lab/Desktop/01Research/04minlib/minlib-tech/02src/test/test04/04glibc/build/libc_pic.a(strcmp.os)
                              /home/gwu-sys-lab/Desktop/01Research/04minlib/minlib-tech/02src/test/test04/04glibc/build/elf/dl-allobjs.os (strcmp)
/home/gwu-sys-lab/Desktop/01Research/04minlib/minlib-tech/02src/test/test04/04glibc/build/libc_pic.a(strcspn.os)
                              /home/gwu-sys-lab/Desktop/01Research/04minlib/minlib-tech/02src/test/test04/04glibc/build/elf/dl-allobjs.os (strcspn)
/home/gwu-sys-lab/Desktop/01Research/04minlib/minlib-tech/02src/test/test04/04glibc/build/libc_pic.a(strdup.os)
                              /home/gwu-sys-lab/Desktop/01Research/04minlib/minlib-tech/02src/test/test04/04glibc/build/elf/dl-allobjs.os (__strdup)
/home/gwu-sys-lab/Desktop/01Research/04minlib/minlib-tech/02src/test/test04/04glibc/build/libc_pic.a(strlen.os)
                              /home/gwu-sys-lab/Desktop/01Research/04minlib/minlib-tech/02src/test/test04/04glibc/build/elf/dl-allobjs.os (strlen)
/home/gwu-sys-lab/Desktop/01Research/04minlib/minlib-tech/02src/test/test04/04glibc/build/libc_pic.a(strnlen.os)
                              /home/gwu-sys-lab/Desktop/01Research/04minlib/minlib-tech/02src/test/test04/04glibc/build/elf/dl-allobjs.os (strnlen)
/home/gwu-sys-lab/Desktop/01Research/04minlib/minlib-tech/02src/test/test04/04glibc/build/libc_pic.a(strncmp.os)
                              /home/gwu-sys-lab/Desktop/01Research/04minlib/minlib-tech/02src/test/test04/04glibc/build/elf/dl-allobjs.os (strncmp)
/home/gwu-sys-lab/Desktop/01Research/04minlib/minlib-tech/02src/test/test04/04glibc/build/libc_pic.a(memchr.os)
                              /home/gwu-sys-lab/Desktop/01Research/04minlib/minlib-tech/02src/test/test04/04glibc/build/elf/dl-allobjs.os (memchr)
/home/gwu-sys-lab/Desktop/01Research/04minlib/minlib-tech/02src/test/test04/04glibc/build/libc_pic.a(memcmp.os)
                              /home/gwu-sys-lab/Desktop/01Research/04minlib/minlib-tech/02src/test/test04/04glibc/build/elf/dl-allobjs.os (memcmp)
/home/gwu-sys-lab/Desktop/01Research/04minlib/minlib-tech/02src/test/test04/04glibc/build/libc_pic.a(memmove.os)
                              /home/gwu-sys-lab/Desktop/01Research/04minlib/minlib-tech/02src/test/test04/04glibc/build/elf/dl-allobjs.os (memmove)
/home/gwu-sys-lab/Desktop/01Research/04minlib/minlib-tech/02src/test/test04/04glibc/build/libc_pic.a(memset.os)
                              /home/gwu-sys-lab/Desktop/01Research/04minlib/minlib-tech/02src/test/test04/04glibc/build/elf/dl-allobjs.os (memset)
/home/gwu-sys-lab/Desktop/01Research/04minlib/minlib-tech/02src/test/test04/04glibc/build/libc_pic.a(mempcpy.os)
                              /home/gwu-sys-lab/Desktop/01Research/04minlib/minlib-tech/02src/test/test04/04glibc/build/elf/dl-allobjs.os (__mempcpy)
/home/gwu-sys-lab/Desktop/01Research/04minlib/minlib-tech/02src/test/test04/04glibc/build/libc_pic.a(stpcpy.os)
[...]
Memory Configuration

Name             Origin             Length             Attributes
*default*        0x0000000000000000 0xffffffffffffffff

Linker script and memory map

LOAD /home/gwu-sys-lab/Desktop/01Research/04minlib/minlib-tech/02src/test/test04/04glibc/build/elf/librtld.mapT.o
START GROUP
LOAD /home/gwu-sys-lab/Desktop/01Research/04minlib/minlib-tech/02src/test/test04/04glibc/build/elf/dl-allobjs.os
LOAD /home/gwu-sys-lab/Desktop/01Research/04minlib/minlib-tech/02src/test/test04/04glibc/build/libc_pic.a
LOAD /usr/lib/gcc/x86_64-linux-gnu/11/libgcc.a
END GROUP

.interp
 *(.interp)

.note.gnu.build-id
 *(.note.gnu.build-id)

.hash
 *(.hash)

.gnu.hash
 *(.gnu.hash)

.dynsym
 *(.dynsym)

.dynstr
 *(.dynstr)

.gnu.version
 *(.gnu.version)

.gnu.version_d
 *(.gnu.version_d)

.gnu.version_r
 *(.gnu.version_r)

.rela.init
 *(.rela.init)

.rela.text
 *(.rela.text)

.rela.fini
 *(.rela.fini)

.rela.rodata
 *(.rela.rodata)

.rela.data.rel.ro
 *(.rela.data.rel.ro)

.rela.data
 *(.rela.data)

.rela.tdata
 *(.rela.tdata)

.rela.tbss
 *(.rela.tbss)

.rela.ctors
 *(.rela.ctors)

.rela.dtors
 *(.rela.dtors)

.rela.got
 *(.rela.got)

.rela.bss
 *(.rela.bss)

.rela.ldata
 *(.rela.ldata)

.rela.lbss
 *(.rela.lbss)

.rela.lrodata
 *(.rela.lrodata)

.rela.ifunc
 *(.rela.ifunc)

.rela.plt
 *(.rela.plt)

.relr.dyn
 *(.relr.dyn)

.init
 *(SORT_NONE(.init))

.plt
 *(.plt)

.plt.got
 *(.plt.got)

.plt.sec
 *(.plt.sec)

.text           0x0000000000000000    0x281e4
 *(.text .stub)
 .text          0x0000000000000000        0x0 /home/gwu-sys-lab/Desktop/01Research/04minlib/minlib-tech/02src/test/test04/04glibc/build/elf/librtld.mapT.o
                0x0000000000000000                __stack_chk_fail_local
                0x0000000000000000                malloc
                0x0000000000000000                __stack_chk_fail
                0x0000000000000000                calloc
                0x0000000000000000                __GI___pthread_enable_asynccancel
                0x0000000000000000                realloc
                0x0000000000000000                __GI___pthread_disable_asynccancel
                0x0000000000000000                __pthread_enable_asynccancel
                0x0000000000000000                __pthread_disable_asynccancel
                0x0000000000000000                free
 .text          0x0000000000000000    0x21544 /home/gwu-sys-lab/Desktop/01Research/04minlib/minlib-tech/02src/test/test04/04glibc/build/elf/dl-allobjs.os
                0x0000000000000000                _dl_call_libc_early_init
                0x0000000000000240                _dl_close_worker
                0x0000000000001010                _dl_close
                0x0000000000001080                _dl_debug_state
                0x0000000000001080                __GI__dl_debug_state
                0x0000000000001090                _dl_debug_update
                0x00000000000010e0                _dl_debug_initialize
                0x00000000000012b0                _dl_map_object_deps
                0x00000000000024b0                _dl_error_free
                0x00000000000024e0                _dl_exception_create
                0x00000000000024e0                __GI__dl_exception_create
                0x00000000000025c0                __GI__dl_exception_create_format
                0x00000000000025c0                _dl_exception_create_format
                0x0000000000002a50                _dl_exception_free
                0x0000000000002a50                __GI__dl_exception_free
                0x0000000000002a80                _dl_make_stacks_executable
                0x0000000000002bf0                __GI___nptl_change_stack_perm
                0x0000000000002bf0                __nptl_change_stack_perm
                0x0000000000002e40                __GI__dl_find_object
                0x0000000000002e40                _dl_find_object
                0x00000000000031c0                _dlfo_sort_mappings
                0x0000000000003270                _dl_find_object_init
                0x0000000000003420                _dl_find_object_update
                0x0000000000003930                _dl_find_object_dlclose
                0x0000000000003a00                _dl_find_object_freeres
                0x0000000000003a70                _dl_fini
                0x0000000000003f40                _dl_init
                0x00000000000051e0                _dl_dst_count
                0x0000000000005290                _dl_dst_substitute
                0x0000000000005a00                _dl_init_paths
                0x0000000000005d80                _dl_process_pt_gnu_property
                0x0000000000007580                _dl_map_object
                0x0000000000007f20                _dl_rtld_di_serinfo
                0x0000000000008f90                _dl_lookup_symbol_x
                0x000000000000a030                _dl_lookup_direct
                0x000000000000a1e0                __minimal_malloc
                0x000000000000a300                __minimal_calloc
                0x000000000000a340                __minimal_free
                0x000000000000a380                __minimal_realloc
                0x000000000000a410                _dl_sysdep_read_whole_file
                0x000000000000a4a0                _dl_name_match_p
                0x000000000000a510                _dl_higher_prime_number
                0x000000000000a560                _dl_strtoul
                0x000000000000a6d0                _dl_add_to_namespace_list
                0x000000000000a770                _dl_new_object
                0x000000000000afa0                __GI__dl_find_dso_for_object
                0x000000000000afa0                _dl_find_dso_for_object
                0x000000000000b070                _dl_open
                0x000000000000b360                _dl_show_scope
                0x000000000000bed0                _dl_get_origin
                0x000000000000c770                _dl_debug_printf
                0x000000000000c820                _dl_debug_printf_c
                0x000000000000c8d0                _dl_dprintf
                0x000000000000c970                _dl_printf
                0x000000000000ca20                _dl_error_printf
                0x000000000000cad0                _dl_fatal_printf
                0x000000000000cad0                __GI__dl_fatal_printf
                0x000000000000cb80                _dl_start_profile
                0x000000000000d360                __GI__dl_mcount
                0x000000000000d360                _dl_mcount
                0x000000000000d5b0                _dl_try_allocate_static_tls
                0x000000000000d6d0                _dl_allocate_static_tls
                0x000000000000d710                _dl_protect_relro
                0x000000000000d780                _dl_reloc_bad_type
                0x000000000000d850                _dl_relocate_object
                0x000000000000f8e0                _dl_fixup
                0x000000000000fb80                _dl_profile_fixup
                0x000000000000feb0                _dl_scope_free
                0x000000000000ffb0                _dl_setup_hash
                0x0000000000010160                _dl_sort_maps_init
                0x0000000000010190                _dl_sort_maps
                0x0000000000010610                __thread_gscope_wait
                0x0000000000010ac0                _dl_tls_static_surplus_init
                0x0000000000010b50                _dl_assign_tls_modid
                0x0000000000010c60                _dl_count_modids
                0x0000000000010cd0                _dl_determine_tlsoffset
                0x0000000000010e80                _dl_get_tls_static_info
                0x0000000000010ea0                _dl_allocate_tls_storage
                0x0000000000010f70                __GI__dl_allocate_tls_init
                0x0000000000010f70                _dl_allocate_tls_init
                0x0000000000011210                __GI__dl_allocate_tls
                0x0000000000011210                _dl_allocate_tls
                0x0000000000011250                _dl_deallocate_tls
                0x0000000000011250                __GI__dl_deallocate_tls
                0x00000000000112e0                _dl_update_slotinfo
                0x0000000000011530                __GI___tls_get_addr
                0x0000000000011530                ___tls_get_addr
                0x0000000000011570                _dl_tls_get_addr_soft
                0x00000000000115f0                _dl_add_to_slotinfo
                0x0000000000011710                _dl_init_static_tls
                0x0000000000011840                __tls_get_addr_slow
                0x0000000000011880                __tls_pre_init_tp
                0x00000000000118e0                __tls_init_tp
                0x0000000000011a20                _dl_runtime_profile_avx512
                0x0000000000011e30                _dl_runtime_profile_avx
                0x0000000000012240                _dl_runtime_profile_sse
                0x00000000000123d0                _dl_runtime_resolve_fxsave
                0x0000000000012450                _dl_runtime_resolve_xsave
                0x0000000000012520                _dl_runtime_resolve_xsavec
                0x00000000000125e0                _dl_check_map_versions
                0x0000000000012d70                _dl_check_all_versions
                0x0000000000012df0                _dl_write
                0x0000000000012e00                _dl_cache_libcmp
                0x00000000000135c0                _dl_load_cache_lookup
                0x0000000000013950                _dl_unload_cache
                0x0000000000013a80                __GI___tunable_set_val
                0x0000000000013ab0                __GI___tunables_init
                0x0000000000014070                __GI___tunables_print
                0x0000000000014180                __tunable_get_val
                0x0000000000014180                __GI___tunable_get_val
                0x00000000000141f0                _dl_make_tlsdesc_dynamic
                0x00000000000144a0                _dl_unmap
                0x0000000000014520                _dl_tlsdesc_return
                0x0000000000014530                _dl_tlsdesc_undefweak
                0x0000000000014550                _dl_tlsdesc_dynamic
                0x00000000000145f0                __tls_get_addr
                0x0000000000016790                __x86_cpu_features
                0x00000000000167c0                _dl_x86_init_cpu_features
                0x00000000000167e0                _dl_x86_get_cpu_features
                0x0000000000016c80                _dl_cet_open_check
                0x0000000000016c90                _dl_cet_check
                0x0000000000016ca0                _dl_audit_activity_map
                0x0000000000016d30                _dl_audit_activity_nsid
                0x0000000000016d70                _dl_audit_objsearch
                0x0000000000016e40                _dl_audit_objopen
                0x0000000000016ef0                _dl_audit_objclose
                0x0000000000016f90                _dl_audit_preinit
                0x0000000000017020                _dl_audit_symbind_alt
                0x0000000000017020                __GI__dl_audit_symbind_alt
                0x0000000000017200                _dl_audit_symbind
                0x00000000000174d0                _dl_audit_pltenter
                0x0000000000017720                _dl_audit_pltexit
                0x00000000000178b0                _dl_resolve_conflicts
                0x0000000000017ad0                _dl_diagnostics_print_string
                0x0000000000017b50                _dl_diagnostics_print_labeled_string
                0x0000000000017ba0                _dl_diagnostics_print_labeled_value
                0x0000000000017bc0                _dl_print_diagnostics
                0x0000000000017fe0                _dl_diagnostics_cpu
                0x00000000000186e0                _dl_diagnostics_kernel
                0x0000000000018780                _dl_next_ld_env_entry
                0x00000000000187d0                unsetenv
                0x0000000000018900                _dl_signal_exception
                0x0000000000018950                _dl_signal_error
                0x00000000000189b0                _dl_signal_cexception
                0x0000000000018a40                _dl_signal_cerror
                0x0000000000018ad0                _dl_catch_exception
                0x0000000000018bc0                _dl_catch_error
                0x0000000000018c10                _dl_receive_error
                0x0000000000018c60                _rtld_catch_error
                0x0000000000018d10                _dl_important_hwcaps
                0x0000000000019680                _dl_hwcaps_subdirs_active
                0x0000000000019750                _dl_hwcaps_split
                0x00000000000197f0                _dl_hwcaps_contains
                0x0000000000019860                _dl_hwcaps_split_masked
                0x00000000000198b0                __rtld_libc_freeres
                0x00000000000198c0                __rtld_malloc_init_stubs
                0x0000000000019900                __sigjmp_save
                0x0000000000019910                __strerror_r
                0x0000000000019a00                __GI___libc_fatal
                0x0000000000019a00                __libc_fatal
                0x0000000000019a20                __GI___chk_fail
                0x0000000000019a20                __chk_fail
                0x0000000000019a40                __GI___assert_fail
                0x0000000000019a40                __assert_fail
                0x0000000000019a80                __rtld_malloc_is_complete
                0x0000000000019b90                __rtld_malloc_init_real
                0x0000000000019c90                __GI___assert_perror_fail
                0x0000000000019c90                __assert_perror_fail
                0x0000000000019cf0                _itoa
                0x0000000000019d50                __strsep
                0x0000000000019d50                strsep
                0x0000000000019d50                __strsep_g
                0x0000000000019de0                __rtld_mutex_init
                0x0000000000019ee0                _dl_tunable_set_hwcaps
                0x000000000001a940                _dl_tunable_set_x86_ibt
                0x000000000001a9c0                _dl_tunable_set_x86_shstk
                0x000000000001aa40                _dl_sysdep_start
                0x000000000001ae80                _dl_sysdep_start_cleanup
                0x000000000001ae90                _dl_show_auxv
                0x000000000001b040                _dl_discover_osversion
                0x000000000001b2d0                _dl_usage
                0x000000000001b320                _dl_version
                0x000000000001b340                _dl_help
                0x000000000001b860                _start
                0x000000000001b868                _dl_start_user
                0x000000000001cc60                handle_preload_list
                0x0000000000020cb0                __brk
                0x0000000000020cb0                brk
                0x0000000000020ce0                sbrk
                0x0000000000020ce0                __sbrk
                0x0000000000020d70                __getcwd
                0x0000000000020d70                getcwd
                0x0000000000021360                openat64
                0x00000000000213c0                __alloc_dir
                0x00000000000214a0                __opendir
                0x00000000000214a0                opendir
 *fill*         0x0000000000021544        0xc 
 .text          0x0000000000021550       0xe6 /home/gwu-sys-lab/Desktop/01Research/04minlib/minlib-tech/02src/test/test04/04glibc/build/libc_pic.a(check_fds.os)
                0x0000000000021600                __libc_check_standard_fds
 .text          0x0000000000021636        0x0 /home/gwu-sys-lab/Desktop/01Research/04minlib/minlib-tech/02src/test/test04/04glibc/build/libc_pic.a(errno.os)
 *fill*         0x0000000000021636        0xa 
 .text          0x0000000000021640       0x72 /home/gwu-sys-lab/Desktop/01Research/04minlib/minlib-tech/02src/test/test04/04glibc/build/libc_pic.a(setjmp.os)
                0x0000000000021640                __sigsetjmp
                0x0000000000021640                __GI___sigsetjmp
 *fill*         0x00000000000216b2        0xe 
 .text          0x00000000000216c0       0x8e /home/gwu-sys-lab/Desktop/01Research/04minlib/minlib-tech/02src/test/test04/04glibc/build/libc_pic.a(__longjmp.os)
                0x00000000000216c0                __longjmp
 *fill*         0x000000000002174e        0x2 
 .text          0x0000000000021750      0x108 /home/gwu-sys-lab/Desktop/01Research/04minlib/minlib-tech/02src/test/test04/04glibc/build/libc_pic.a(lowlevellock.os)
                0x0000000000021750                __GI___lll_lock_wait_private
                0x0000000000021750                __lll_lock_wait_private
                0x00000000000217b0                __lll_lock_wait
                0x00000000000217b0                __GI___lll_lock_wait
                0x0000000000021820                __lll_lock_wake_private
                0x0000000000021820                __GI___lll_lock_wake_private
                0x0000000000021840                __lll_lock_wake
                0x0000000000021840                __GI___lll_lock_wake
 *fill*         0x0000000000021858        0x8 
 .text          0x0000000000021860       0xae /home/gwu-sys-lab/Desktop/01Research/04minlib/minlib-tech/02src/test/test04/04glibc/build/libc_pic.a(scratch_buffer_set_array_size.os)
                0x0000000000021860                __libc_scratch_buffer_set_array_size
                0x0000000000021860                __GI___libc_scratch_buffer_set_array_size
 *fill*         0x000000000002190e        0x2 
 .text          0x0000000000021910       0x78 /home/gwu-sys-lab/Desktop/01Research/04minlib/minlib-tech/02src/test/test04/04glibc/build/libc_pic.a(strchr.os)
                0x0000000000021910                __GI_strchr
                0x0000000000021910                index
                0x0000000000021910                strchr
 *fill*         0x0000000000021988        0x8 
 .text          0x0000000000021990       0x89 /home/gwu-sys-lab/Desktop/01Research/04minlib/minlib-tech/02src/test/test04/04glibc/build/libc_pic.a(strcmp.os)
                0x0000000000021990                __GI_strcmp
                0x0000000000021990                strcmp
 *fill*         0x0000000000021a19        0x7 
 .text          0x0000000000021a20       0x25 /home/gwu-sys-lab/Desktop/01Research/04minlib/minlib-tech/02src/test/test04/04glibc/build/libc_pic.a(strcspn.os)
                0x0000000000021a20                strcspn
                0x0000000000021a20                __GI_strcspn
 *fill*         0x0000000000021a45        0xb 
 .text          0x0000000000021a50       0x40 /home/gwu-sys-lab/Desktop/01Research/04minlib/minlib-tech/02src/test/test04/04glibc/build/libc_pic.a(strdup.os)
                0x0000000000021a50                __GI___strdup
                0x0000000000021a50                __strdup
                0x0000000000021a50                strdup
 .text          0x0000000000021a90       0x78 /home/gwu-sys-lab/Desktop/01Research/04minlib/minlib-tech/02src/test/test04/04glibc/build/libc_pic.a(strlen.os)
                0x0000000000021a90                strlen
                0x0000000000021a90                __GI_strlen
 *fill*         0x0000000000021b08        0x8 
 .text          0x0000000000021b10       0x78 /home/gwu-sys-lab/Desktop/01Research/04minlib/minlib-tech/02src/test/test04/04glibc/build/libc_pic.a(strnlen.os)
                0x0000000000021b10                __strnlen
                0x0000000000021b10                strnlen
                0x0000000000021b10                __GI___strnlen
                0x0000000000021b10                __GI_strnlen
 *fill*         0x0000000000021b88        0x8 
 .text          0x0000000000021b90       0x99 /home/gwu-sys-lab/Desktop/01Research/04minlib/minlib-tech/02src/test/test04/04glibc/build/libc_pic.a(strncmp.os)
                0x0000000000021b90                __GI_strncmp
                0x0000000000021b90                strncmp
 *fill*         0x0000000000021c29        0x7 
 .text          0x0000000000021c30       0x8d /home/gwu-sys-lab/Desktop/01Research/04minlib/minlib-tech/02src/test/test04/04glibc/build/libc_pic.a(memchr.os)
                0x0000000000021c30                __GI_memchr
                0x0000000000021c30                memchr
                0x0000000000021c30                __memchr
 *fill*         0x0000000000021cbd        0x3 
 .text          0x0000000000021cc0       0x99 /home/gwu-sys-lab/Desktop/01Research/04minlib/minlib-tech/02src/test/test04/04glibc/build/libc_pic.a(memcmp.os)
                0x0000000000021cc0                bcmp
                0x0000000000021cc0                __GI_memcmp
                0x0000000000021cc0                memcmp
 *fill*         0x0000000000021d59        0x7 
 .text          0x0000000000021d60      0x121 /home/gwu-sys-lab/Desktop/01Research/04minlib/minlib-tech/02src/test/test04/04glibc/build/libc_pic.a(memmove.os)
                0x0000000000021d60                memmove
                0x0000000000021d60                __GI_memmove
                0x0000000000021d60                __libc_memmove
 *fill*         0x0000000000021e81        0xf 
 .text          0x0000000000021e90       0xf1 /home/gwu-sys-lab/Desktop/01Research/04minlib/minlib-tech/02src/test/test04/04glibc/build/libc_pic.a(memset.os)
                0x0000000000021e90                __GI_memset
                0x0000000000021e90                memset
 *fill*         0x0000000000021f81        0xf 
 .text          0x0000000000021f90      0x121 /home/gwu-sys-lab/Desktop/01Research/04minlib/minlib-tech/02src/test/test04/04glibc/build/libc_pic.a(mempcpy.os)
                0x0000000000021f90                mempcpy
                0x0000000000021f90                __GI_mempcpy
                0x0000000000021f90                __mempcpy
                0x0000000000021f90                __GI___mempcpy
 *fill*         0x00000000000220b1        0xf 
 .text          0x00000000000220c0       0x81 /home/gwu-sys-lab/Desktop/01Research/04minlib/minlib-tech/02src/test/test04/04glibc/build/libc_pic.a(stpcpy.os)
                0x00000000000220c0                stpcpy
                0x00000000000220c0                __GI_stpcpy
                0x00000000000220c0                __stpcpy
                0x00000000000220c0                __GI___stpcpy
 *fill*         0x0000000000022141        0xf 
 .text          0x0000000000022150      0x121 /home/gwu-sys-lab/Desktop/01Research/04minlib/minlib-tech/02src/test/test04/04glibc/build/libc_pic.a(memcpy.os)
                0x0000000000022150                __GI_memcpy
                0x0000000000022150                __new_memcpy
                0x0000000000022150                memcpy@@GLIBC_2.14
 *fill*         0x0000000000022271        0xf 
 .text          0x0000000000022280       0x8d /home/gwu-sys-lab/Desktop/01Research/04minlib/minlib-tech/02src/test/test04/04glibc/build/libc_pic.a(rawmemchr.os)
                0x0000000000022280                __GI___rawmemchr
                0x0000000000022280                __rawmemchr
                0x0000000000022280                rawmemchr
 *fill*         0x000000000002230d        0x3 
 .text          0x0000000000022310        0x9 /home/gwu-sys-lab/Desktop/01Research/04minlib/minlib-tech/02src/test/test04/04glibc/build/libc_pic.a(strerrorname_np.os)
                0x0000000000022310                strerrorname_np
 *fill*         0x0000000000022319        0x7 
 .text          0x0000000000022320     0x1449 /home/gwu-sys-lab/Desktop/01Research/04minlib/minlib-tech/02src/test/test04/04glibc/build/libc_pic.a(strcmp-sse2.os)
                0x0000000000022320                __strcmp_sse2
 *fill*         0x0000000000023769        0x7 
 .text          0x0000000000023770      0x2a3 /home/gwu-sys-lab/Desktop/01Research/04minlib/minlib-tech/02src/test/test04/04glibc/build/libc_pic.a(strcmp-sse2-unaligned.os)
                0x0000000000023770                __strcmp_sse2_unaligned
 .text          0x0000000000023a13        0x0 /home/gwu-sys-lab/Desktop/01Research/04minlib/minlib-tech/02src/test/test04/04glibc/build/libc_pic.a(strcmp-ssse3.os)
 .text          0x0000000000023a13        0x0 /home/gwu-sys-lab/Desktop/01Research/04minlib/minlib-tech/02src/test/test04/04glibc/build/libc_pic.a(strcmp-avx2.os)
 *fill*         0x0000000000023a13        0xd 
 .text          0x0000000000023a20     0x1859 /home/gwu-sys-lab/Desktop/01Research/04minlib/minlib-tech/02src/test/test04/04glibc/build/libc_pic.a(strncmp-sse2.os)
                0x0000000000023a20                __strncmp_sse2
 .text          0x0000000000025279        0x0 /home/gwu-sys-lab/Desktop/01Research/04minlib/minlib-tech/02src/test/test04/04glibc/build/libc_pic.a(strncmp-ssse3.os)
 .text          0x0000000000025279        0x0 /home/gwu-sys-lab/Desktop/01Research/04minlib/minlib-tech/02src/test/test04/04glibc/build/libc_pic.a(strncmp-sse4_2.os)
 .text          0x0000000000025279        0x0 /home/gwu-sys-lab/Desktop/01Research/04minlib/minlib-tech/02src/test/test04/04glibc/build/libc_pic.a(strncmp-avx2.os)
 *fill*         0x0000000000025279        0x7 
 .text          0x0000000000025280      0x323 /home/gwu-sys-lab/Desktop/01Research/04minlib/minlib-tech/02src/test/test04/04glibc/build/libc_pic.a(memchr-sse2.os)
                0x0000000000025280                __memchr_sse2
 *fill*         0x00000000000255a3        0xd 
 .text          0x00000000000255b0      0x209 /home/gwu-sys-lab/Desktop/01Research/04minlib/minlib-tech/02src/test/test04/04glibc/build/libc_pic.a(rawmemchr-sse2.os)
                0x00000000000255b0                __rawmemchr_sse2
 .text          0x00000000000257b9        0x0 /home/gwu-sys-lab/Desktop/01Research/04minlib/minlib-tech/02src/test/test04/04glibc/build/libc_pic.a(memchr-avx2.os)
 .text          0x00000000000257b9        0x0 /home/gwu-sys-lab/Desktop/01Research/04minlib/minlib-tech/02src/test/test04/04glibc/build/libc_pic.a(rawmemchr-avx2.os)
 *fill*         0x00000000000257b9        0x7 
 .text          0x00000000000257c0      0x400 /home/gwu-sys-lab/Desktop/01Research/04minlib/minlib-tech/02src/test/test04/04glibc/build/libc_pic.a(memcmp-sse2.os)
                0x00000000000257c0                __memcmp_sse2
 .text          0x0000000000025bc0        0x0 /home/gwu-sys-lab/Desktop/01Research/04minlib/minlib-tech/02src/test/test04/04glibc/build/libc_pic.a(memcmp-avx2-movbe.os)
 .text          0x0000000000025bc0        0x0 /home/gwu-sys-lab/Desktop/01Research/04minlib/minlib-tech/02src/test/test04/04glibc/build/libc_pic.a(memcmp-sse4.os)
 .text          0x0000000000025bc0        0x0 /home/gwu-sys-lab/Desktop/01Research/04minlib/minlib-tech/02src/test/test04/04glibc/build/libc_pic.a(memcpy-ssse3.os)
 .text          0x0000000000025bc0        0x0 /home/gwu-sys-lab/Desktop/01Research/04minlib/minlib-tech/02src/test/test04/04glibc/build/libc_pic.a(memmove-ssse3.os)
 .text          0x0000000000025bc0        0x0 /home/gwu-sys-lab/Desktop/01Research/04minlib/minlib-tech/02src/test/test04/04glibc/build/libc_pic.a(memcpy-ssse3-back.os)
 .text          0x0000000000025bc0        0x0 /home/gwu-sys-lab/Desktop/01Research/04minlib/minlib-tech/02src/test/test04/04glibc/build/libc_pic.a(memmove-ssse3-back.os)
 .text          0x0000000000025bc0        0x0 /home/gwu-sys-lab/Desktop/01Research/04minlib/minlib-tech/02src/test/test04/04glibc/build/libc_pic.a(memmove-avx512-no-vzeroupper.os)
 .text          0x0000000000025bc0      0x22a /home/gwu-sys-lab/Desktop/01Research/04minlib/minlib-tech/02src/test/test04/04glibc/build/libc_pic.a(strchr-sse2.os)
                0x0000000000025bc0                __strchr_sse2
 .text          0x0000000000025dea        0x0 /home/gwu-sys-lab/Desktop/01Research/04minlib/minlib-tech/02src/test/test04/04glibc/build/libc_pic.a(strchr-avx2.os)
 *fill*         0x0000000000025dea        0x6 
 .text          0x0000000000025df0      0x19c /home/gwu-sys-lab/Desktop/01Research/04minlib/minlib-tech/02src/test/test04/04glibc/build/libc_pic.a(strlen-sse2.os)
                0x0000000000025df0                __strlen_sse2
 *fill*         0x0000000000025f8c        0x4 
 .text          0x0000000000025f90      0x218 /home/gwu-sys-lab/Desktop/01Research/04minlib/minlib-tech/02src/test/test04/04glibc/build/libc_pic.a(strnlen-sse2.os)
                0x0000000000025f90                __strnlen_sse2
 .text          0x00000000000261a8        0x0 /home/gwu-sys-lab/Desktop/01Research/04minlib/minlib-tech/02src/test/test04/04glibc/build/libc_pic.a(strlen-avx2.os)
 .text          0x00000000000261a8        0x0 /home/gwu-sys-lab/Desktop/01Research/04minlib/minlib-tech/02src/test/test04/04glibc/build/libc_pic.a(strnlen-avx2.os)
 *fill*         0x00000000000261a8        0x8 
 .text          0x00000000000261b0       0xec /home/gwu-sys-lab/Desktop/01Research/04minlib/minlib-tech/02src/test/test04/04glibc/build/libc_pic.a(stpcpy-sse2.os)
                0x00000000000261b0                __stpcpy_sse2
 .text          0x000000000002629c        0x0 /home/gwu-sys-lab/Desktop/01Research/04minlib/minlib-tech/02src/test/test04/04glibc/build/libc_pic.a(stpcpy-ssse3.os)
 *fill*         0x000000000002629c        0x4 
 .text          0x00000000000262a0      0x6c0 /home/gwu-sys-lab/Desktop/01Research/04minlib/minlib-tech/02src/test/test04/04glibc/build/libc_pic.a(stpcpy-sse2-unaligned.os)
                0x00000000000262a0                __stpcpy_sse2_unaligned
 .text          0x0000000000026960        0x0 /home/gwu-sys-lab/Desktop/01Research/04minlib/minlib-tech/02src/test/test04/04glibc/build/libc_pic.a(stpcpy-avx2.os)
 .text          0x0000000000026960        0x0 /home/gwu-sys-lab/Desktop/01Research/04minlib/minlib-tech/02src/test/test04/04glibc/build/libc_pic.a(strchr-sse2-no-bsf.os)
 .text          0x0000000000026960        0x0 /home/gwu-sys-lab/Desktop/01Research/04minlib/minlib-tech/02src/test/test04/04glibc/build/libc_pic.a(memcmp-ssse3.os)
 .text          0x0000000000026960       0xa7 /home/gwu-sys-lab/Desktop/01Research/04minlib/minlib-tech/02src/test/test04/04glibc/build/libc_pic.a(strcspn-sse2.os)
                0x0000000000026960                __strcspn_sse2
 .text          0x0000000000026a07        0x0 /home/gwu-sys-lab/Desktop/01Research/04minlib/minlib-tech/02src/test/test04/04glibc/build/libc_pic.a(strcspn-c.os)
 .text          0x0000000000026a07        0x0 /home/gwu-sys-lab/Desktop/01Research/04minlib/minlib-tech/02src/test/test04/04glibc/build/libc_pic.a(varshift.os)
 .text          0x0000000000026a07        0x0 /home/gwu-sys-lab/Desktop/01Research/04minlib/minlib-tech/02src/test/test04/04glibc/build/libc_pic.a(memset-avx512-no-vzeroupper.os)
 *fill*         0x0000000000026a07       0x39 
 .text          0x0000000000026a40      0x692 /home/gwu-sys-lab/Desktop/01Research/04minlib/minlib-tech/02src/test/test04/04glibc/build/libc_pic.a(memmove-sse2-unaligned-erms.os)
                0x0000000000026a40                __mempcpy_chk_sse2_unaligned
                0x0000000000026a50                __mempcpy_sse2_unaligned
                0x0000000000026a60                __memcpy_chk_sse2_unaligned
                0x0000000000026a60                __memmove_chk_sse2_unaligned
                0x0000000000026a70                __memmove_sse2_unaligned
                0x0000000000026a70                __memcpy_sse2_unaligned
                0x0000000000026a70                memcpy@GLIBC_2.2.5
                0x0000000000026aa0                __mempcpy_chk_erms
                0x0000000000026ab0                __mempcpy_erms
                0x0000000000026ad0                __memcpy_chk_erms
                0x0000000000026ad0                __memmove_chk_erms
                0x0000000000026ae0                __memmove_erms
                0x0000000000026ae0                __memcpy_erms
                0x0000000000026b20                __mempcpy_chk_sse2_unaligned_erms
                0x0000000000026b30                __mempcpy_sse2_unaligned_erms
                0x0000000000026b40                __memmove_chk_sse2_unaligned_erms
                0x0000000000026b40                __memcpy_chk_sse2_unaligned_erms
                0x0000000000026b80                __memmove_sse2_unaligned_erms
                0x0000000000026b80                __memcpy_sse2_unaligned_erms
 .text          0x00000000000270d2        0x0 /home/gwu-sys-lab/Desktop/01Research/04minlib/minlib-tech/02src/test/test04/04glibc/build/libc_pic.a(memmove-avx-unaligned-erms.os)
 .text          0x00000000000270d2        0x0 /home/gwu-sys-lab/Desktop/01Research/04minlib/minlib-tech/02src/test/test04/04glibc/build/libc_pic.a(memmove-avx512-unaligned-erms.os)
 *fill*         0x00000000000270d2       0x2e 
 .text          0x0000000000027100      0x1f9 /home/gwu-sys-lab/Desktop/01Research/04minlib/minlib-tech/02src/test/test04/04glibc/build/libc_pic.a(memset-sse2-unaligned-erms.os)
                0x0000000000027100                __bzero
                0x0000000000027100                bzero
                0x0000000000027120                __wmemset_chk_sse2_unaligned
                0x0000000000027130                __wmemset_sse2_unaligned
                0x0000000000027150                __memset_chk_sse2_unaligned
                0x0000000000027160                __memset_sse2_unaligned
                0x00000000000271a0                __memset_chk_erms
                0x00000000000271b0                __memset_erms
                0x00000000000271d0                __memset_chk_sse2_unaligned_erms
                0x0000000000027200                __memset_sse2_unaligned_erms
 .text          0x00000000000272f9        0x0 /home/gwu-sys-lab/Desktop/01Research/04minlib/minlib-tech/02src/test/test04/04glibc/build/libc_pic.a(memset-avx2-unaligned-erms.os)
 .text          0x00000000000272f9        0x0 /home/gwu-sys-lab/Desktop/01Research/04minlib/minlib-tech/02src/test/test04/04glibc/build/libc_pic.a(memset-avx512-unaligned-erms.os)
 .text          0x00000000000272f9        0x0 /home/gwu-sys-lab/Desktop/01Research/04minlib/minlib-tech/02src/test/test04/04glibc/build/libc_pic.a(memchr-avx2-rtm.os)
 .text          0x00000000000272f9        0x0 /home/gwu-sys-lab/Desktop/01Research/04minlib/minlib-tech/02src/test/test04/04glibc/build/libc_pic.a(memcmp-avx2-movbe-rtm.os)
 .text          0x00000000000272f9        0x0 /home/gwu-sys-lab/Desktop/01Research/04minlib/minlib-tech/02src/test/test04/04glibc/build/libc_pic.a(memmove-avx-unaligned-erms-rtm.os)
 .text          0x00000000000272f9        0x0 /home/gwu-sys-lab/Desktop/01Research/04minlib/minlib-tech/02src/test/test04/04glibc/build/libc_pic.a(memset-avx2-unaligned-erms-rtm.os)
 .text          0x00000000000272f9        0x0 /home/gwu-sys-lab/Desktop/01Research/04minlib/minlib-tech/02src/test/test04/04glibc/build/libc_pic.a(rawmemchr-avx2-rtm.os)
 .text          0x00000000000272f9        0x0 /home/gwu-sys-lab/Desktop/01Research/04minlib/minlib-tech/02src/test/test04/04glibc/build/libc_pic.a(strchr-avx2-rtm.os)
 .text          0x00000000000272f9        0x0 /home/gwu-sys-lab/Desktop/01Research/04minlib/minlib-tech/02src/test/test04/04glibc/build/libc_pic.a(strcmp-avx2-rtm.os)
 .text          0x00000000000272f9        0x0 /home/gwu-sys-lab/Desktop/01Research/04minlib/minlib-tech/02src/test/test04/04glibc/build/libc_pic.a(stpcpy-avx2-rtm.os)
 .text          0x00000000000272f9        0x0 /home/gwu-sys-lab/Desktop/01Research/04minlib/minlib-tech/02src/test/test04/04glibc/build/libc_pic.a(strlen-avx2-rtm.os)
 .text          0x00000000000272f9        0x0 /home/gwu-sys-lab/Desktop/01Research/04minlib/minlib-tech/02src/test/test04/04glibc/build/libc_pic.a(strncmp-avx2-rtm.os)
 .text          0x00000000000272f9        0x0 /home/gwu-sys-lab/Desktop/01Research/04minlib/minlib-tech/02src/test/test04/04glibc/build/libc_pic.a(strnlen-avx2-rtm.os)
 .text          0x00000000000272f9        0x0 /home/gwu-sys-lab/Desktop/01Research/04minlib/minlib-tech/02src/test/test04/04glibc/build/libc_pic.a(memchr-evex.os)
 .text          0x00000000000272f9        0x0 /home/gwu-sys-lab/Desktop/01Research/04minlib/minlib-tech/02src/test/test04/04glibc/build/libc_pic.a(memcmp-evex-movbe.os)
 .text          0x00000000000272f9        0x0 /home/gwu-sys-lab/Desktop/01Research/04minlib/minlib-tech/02src/test/test04/04glibc/build/libc_pic.a(memmove-evex-unaligned-erms.os)
 .text          0x00000000000272f9        0x0 /home/gwu-sys-lab/Desktop/01Research/04minlib/minlib-tech/02src/test/test04/04glibc/build/libc_pic.a(memset-evex-unaligned-erms.os)
 .text          0x00000000000272f9        0x0 /home/gwu-sys-lab/Desktop/01Research/04minlib/minlib-tech/02src/test/test04/04glibc/build/libc_pic.a(rawmemchr-evex.os)
 .text          0x00000000000272f9        0x0 /home/gwu-sys-lab/Desktop/01Research/04minlib/minlib-tech/02src/test/test04/04glibc/build/libc_pic.a(stpcpy-evex.os)
 .text          0x00000000000272f9        0x0 /home/gwu-sys-lab/Desktop/01Research/04minlib/minlib-tech/02src/test/test04/04glibc/build/libc_pic.a(strchr-evex.os)
 .text          0x00000000000272f9        0x0 /home/gwu-sys-lab/Desktop/01Research/04minlib/minlib-tech/02src/test/test04/04glibc/build/libc_pic.a(strcmp-evex.os)
 .text          0x00000000000272f9        0x0 /home/gwu-sys-lab/Desktop/01Research/04minlib/minlib-tech/02src/test/test04/04glibc/build/libc_pic.a(strlen-evex.os)
 .text          0x00000000000272f9        0x0 /home/gwu-sys-lab/Desktop/01Research/04minlib/minlib-tech/02src/test/test04/04glibc/build/libc_pic.a(strncmp-evex.os)
 .text          0x00000000000272f9        0x0 /home/gwu-sys-lab/Desktop/01Research/04minlib/minlib-tech/02src/test/test04/04glibc/build/libc_pic.a(strnlen-evex.os)
 .text          0x00000000000272f9        0x0 /home/gwu-sys-lab/Desktop/01Research/04minlib/minlib-tech/02src/test/test04/04glibc/build/libc_pic.a(memchr-evex-rtm.os)
 .text          0x00000000000272f9        0x0 /home/gwu-sys-lab/Desktop/01Research/04minlib/minlib-tech/02src/test/test04/04glibc/build/libc_pic.a(rawmemchr-evex-rtm.os)
 *fill*         0x00000000000272f9        0x7 
 .text          0x0000000000027300      0x198 /home/gwu-sys-lab/Desktop/01Research/04minlib/minlib-tech/02src/test/test04/04glibc/build/libc_pic.a(cacheinfo.os)
                0x0000000000027300                __x86_cacheinfo
                0x00000000000273a0                __cache_sysconf
 *fill*         0x0000000000027498        0x8 
 .text          0x00000000000274a0       0x2d /home/gwu-sys-lab/Desktop/01Research/04minlib/minlib-tech/02src/test/test04/04glibc/build/libc_pic.a(closedir.os)
                0x00000000000274a0                __closedir
                0x00000000000274a0                closedir
 *fill*         0x00000000000274cd        0x3 
 .text          0x00000000000274d0       0x7e /home/gwu-sys-lab/Desktop/01Research/04minlib/minlib-tech/02src/test/test04/04glibc/build/libc_pic.a(rewinddir.os)
                0x00000000000274d0                rewinddir
                0x00000000000274d0                __rewinddir
                0x00000000000274d0                __GI___rewinddir
 *fill*         0x000000000002754e        0x2 
 .text          0x0000000000027550       0xf0 /home/gwu-sys-lab/Desktop/01Research/04minlib/minlib-tech/02src/test/test04/04glibc/build/libc_pic.a(readdir64.os)
                0x0000000000027550                readdir
                0x0000000000027550                __readdir64
                0x0000000000027550                __readdir
                0x0000000000027550                __GI___readdir64
                0x0000000000027550                readdir64
 .text          0x0000000000027640       0x9a /home/gwu-sys-lab/Desktop/01Research/04minlib/minlib-tech/02src/test/test04/04glibc/build/libc_pic.a(fdopendir.os)
                0x0000000000027640                fdopendir
                0x0000000000027640                __fdopendir
 *fill*         0x00000000000276da        0x6 
 .text          0x00000000000276e0       0x25 /home/gwu-sys-lab/Desktop/01Research/04minlib/minlib-tech/02src/test/test04/04glibc/build/libc_pic.a(uname.os)
                0x00000000000276e0                uname
                0x00000000000276e0                __GI_uname
                0x00000000000276e0                __uname
                0x00000000000276e0                __GI___uname
 *fill*         0x0000000000027705        0xb 
 .text          0x0000000000027710       0x50 /home/gwu-sys-lab/Desktop/01Research/04minlib/minlib-tech/02src/test/test04/04glibc/build/libc_pic.a(_exit.os)
                0x0000000000027710                _Exit
                0x0000000000027710                __GI__exit
                0x0000000000027710                _exit
 .text          0x0000000000027760        0xc /home/gwu-sys-lab/Desktop/01Research/04minlib/minlib-tech/02src/test/test04/04glibc/build/libc_pic.a(getpid.os)
                0x0000000000027760                __getpid
                0x0000000000027760                getpid
                0x0000000000027760                __GI_getpid
                0x0000000000027760                __GI___getpid
 .text          0x000000000002776c        0x0 /home/gwu-sys-lab/Desktop/01Research/04minlib/minlib-tech/02src/test/test04/04glibc/build/libc_pic.a(environ.os)
 *fill*         0x000000000002776c        0x4 
 .text          0x0000000000027770       0x16 /home/gwu-sys-lab/Desktop/01Research/04minlib/minlib-tech/02src/test/test04/04glibc/build/libc_pic.a(stat64.os)
                0x0000000000027770                stat64
                0x0000000000027770                __stat
                0x0000000000027770                __stat64
                0x0000000000027770                stat
                0x0000000000027770                __GI___stat64
 *fill*         0x0000000000027786        0xa 
 .text          0x0000000000027790       0x34 /home/gwu-sys-lab/Desktop/01Research/04minlib/minlib-tech/02src/test/test04/04glibc/build/libc_pic.a(fstat64.os)
                0x0000000000027790                __GI___fstat64
                0x0000000000027790                fstat64
                0x0000000000027790                fstat
                0x0000000000027790                __fstat64
                0x0000000000027790                __fstat
 *fill*         0x00000000000277c4        0xc 
 .text          0x00000000000277d0       0x19 /home/gwu-sys-lab/Desktop/01Research/04minlib/minlib-tech/02src/test/test04/04glibc/build/libc_pic.a(lstat64.os)
                0x00000000000277d0                __lstat64
                0x00000000000277d0                lstat
                0x00000000000277d0                lstat64
                0x00000000000277d0                __GI___lstat64
                0x00000000000277d0                __lstat
 *fill*         0x00000000000277e9        0x7 
 .text          0x00000000000277f0       0x32 /home/gwu-sys-lab/Desktop/01Research/04minlib/minlib-tech/02src/test/test04/04glibc/build/libc_pic.a(fstatat64.os)
                0x00000000000277f0                fstatat
                0x00000000000277f0                __fstatat
                0x00000000000277f0                fstatat64
                0x00000000000277f0                __fstatat64
                0x00000000000277f0                __GI___fstatat
                0x00000000000277f0                __GI___fstatat64
 *fill*         0x0000000000027822        0xe 
 .text          0x0000000000027830      0x103 /home/gwu-sys-lab/Desktop/01Research/04minlib/minlib-tech/02src/test/test04/04glibc/build/libc_pic.a(openat64.os)
                0x0000000000027830                __openat64
                0x0000000000027830                __GI___openat
                0x0000000000027830                __GI___openat64
                0x0000000000027830                __libc_openat64
                0x0000000000027830                __openat
                0x0000000000027830                openat
 *fill*         0x0000000000027933        0xd 
 .text          0x0000000000027940       0x2c /home/gwu-sys-lab/Desktop/01Research/04minlib/minlib-tech/02src/test/test04/04glibc/build/libc_pic.a(lseek64.os)
                0x0000000000027940                __GI___lseek
                0x0000000000027940                __lseek64
                0x0000000000027940                lseek
                0x0000000000027940                __libc_lseek64
                0x0000000000027940                llseek@GLIBC_2.2.5
                0x0000000000027940                __lseek
                0x0000000000027940                __libc_lseek
                0x0000000000027940                lseek64
 *fill*         0x000000000002796c        0x4 
 .text          0x0000000000027970       0x2a /home/gwu-sys-lab/Desktop/01Research/04minlib/minlib-tech/02src/test/test04/04glibc/build/libc_pic.a(access.os)
                0x0000000000027970                __GI___access
                0x0000000000027970                access
                0x0000000000027970                __access
 *fill*         0x000000000002799a        0x6 
 .text          0x00000000000279a0       0x2a /home/gwu-sys-lab/Desktop/01Research/04minlib/minlib-tech/02src/test/test04/04glibc/build/libc_pic.a(close_nocancel.os)
                0x00000000000279a0                __GI___close_nocancel
                0x00000000000279a0                __close_nocancel
 *fill*         0x00000000000279ca        0x6 
 .text          0x00000000000279d0       0xde /home/gwu-sys-lab/Desktop/01Research/04minlib/minlib-tech/02src/test/test04/04glibc/build/libc_pic.a(fcntl_nocancel.os)
                0x00000000000279d0                __fcntl64_nocancel
                0x00000000000279d0                __GI___fcntl64_nocancel
                0x0000000000027a50                __fcntl64_nocancel_adjusted
 *fill*         0x0000000000027aae        0x2 
 .text          0x0000000000027ab0       0x82 /home/gwu-sys-lab/Desktop/01Research/04minlib/minlib-tech/02src/test/test04/04glibc/build/libc_pic.a(open64_nocancel.os)
                0x0000000000027ab0                __GI___open_nocancel
                0x0000000000027ab0                __open_nocancel
                0x0000000000027ab0                __GI___open64_nocancel
                0x0000000000027ab0                __open64_nocancel
 *fill*         0x0000000000027b32        0xe 
 .text          0x0000000000027b40       0x2c /home/gwu-sys-lab/Desktop/01Research/04minlib/minlib-tech/02src/test/test04/04glibc/build/libc_pic.a(read_nocancel.os)
                0x0000000000027b40                __read_nocancel
                0x0000000000027b40                __GI___read_nocancel
 *fill*         0x0000000000027b6c        0x4 
 .text          0x0000000000027b70       0x34 /home/gwu-sys-lab/Desktop/01Research/04minlib/minlib-tech/02src/test/test04/04glibc/build/libc_pic.a(pread64_nocancel.os)
                0x0000000000027b70                __GI___pread64_nocancel
                0x0000000000027b70                __pread64_nocancel
 *fill*         0x0000000000027ba4        0xc 
 .text          0x0000000000027bb0       0x2c /home/gwu-sys-lab/Desktop/01Research/04minlib/minlib-tech/02src/test/test04/04glibc/build/libc_pic.a(write_nocancel.os)
                0x0000000000027bb0                __GI___write_nocancel
                0x0000000000027bb0                __write_nocancel
 *fill*         0x0000000000027bdc        0x4 
 .text          0x0000000000027be0       0x54 /home/gwu-sys-lab/Desktop/01Research/04minlib/minlib-tech/02src/test/test04/04glibc/build/libc_pic.a(mmap64.os)
                0x0000000000027be0                __GI___mmap
                0x0000000000027be0                __mmap
                0x0000000000027be0                mmap
                0x0000000000027be0                __GI___mmap64
                0x0000000000027be0                __mmap64
                0x0000000000027be0                mmap64
 *fill*         0x0000000000027c34        0xc 
 .text          0x0000000000027c40       0x25 /home/gwu-sys-lab/Desktop/01Research/04minlib/minlib-tech/02src/test/test04/04glibc/build/libc_pic.a(munmap.os)
                0x0000000000027c40                munmap
                0x0000000000027c40                __GI___munmap
                0x0000000000027c40                __GI_munmap
                0x0000000000027c40                __munmap
 *fill*         0x0000000000027c65        0xb 
 .text          0x0000000000027c70       0x25 /home/gwu-sys-lab/Desktop/01Research/04minlib/minlib-tech/02src/test/test04/04glibc/build/libc_pic.a(mprotect.os)
                0x0000000000027c70                __mprotect
                0x0000000000027c70                __GI___mprotect
                0x0000000000027c70                __GI_mprotect
                0x0000000000027c70                mprotect
 *fill*         0x0000000000027c95        0xb 
 .text          0x0000000000027ca0      0x1e2 /home/gwu-sys-lab/Desktop/01Research/04minlib/minlib-tech/02src/test/test04/04glibc/build/libc_pic.a(profil.os)
                0x0000000000027cf0                __profil
                0x0000000000027cf0                profil
 *fill*         0x0000000000027e82        0xe 
 .text          0x0000000000027e90        0xf /home/gwu-sys-lab/Desktop/01Research/04minlib/minlib-tech/02src/test/test04/04glibc/build/libc_pic.a(prof-freq.os)
                0x0000000000027e90                __GI___profile_frequency
                0x0000000000027e90                __profile_frequency
 *fill*         0x0000000000027e9f        0x1 
 .text          0x0000000000027ea0       0x7b /home/gwu-sys-lab/Desktop/01Research/04minlib/minlib-tech/02src/test/test04/04glibc/build/libc_pic.a(dl-addr-obj.os)
                0x0000000000027ea0                _dl_addr_inside_object
 *fill*         0x0000000000027f1b        0x5 
 .text          0x0000000000027f20       0x34 /home/gwu-sys-lab/Desktop/01Research/04minlib/minlib-tech/02src/test/test04/04glibc/build/libc_pic.a(sigaction.os)
                0x0000000000027f20                sigaction
                0x0000000000027f20                __GI___sigaction
                0x0000000000027f20                __sigaction
 *fill*         0x0000000000027f54        0xc 
 .text          0x0000000000027f60      0x1b5 /home/gwu-sys-lab/Desktop/01Research/04minlib/minlib-tech/02src/test/test04/04glibc/build/libc_pic.a(libc_sigaction.os)
                0x0000000000027f80                __libc_sigaction
                0x0000000000027f80                __GI___libc_sigaction
 *fill*         0x0000000000028115        0xb 
 .text          0x0000000000028120       0x53 /home/gwu-sys-lab/Desktop/01Research/04minlib/minlib-tech/02src/test/test04/04glibc/build/libc_pic.a(errlist.os)
                0x0000000000028120                __get_errlist
                0x0000000000028140                __get_errname
 *fill*         0x0000000000028173        0xd 
 .text          0x0000000000028180       0x2a /home/gwu-sys-lab/Desktop/01Research/04minlib/minlib-tech/02src/test/test04/04glibc/build/libc_pic.a(setitimer.os)
                0x0000000000028180                setitimer
                0x0000000000028180                __setitimer
 *fill*         0x00000000000281aa        0x6 
 .text          0x00000000000281b0       0x34 /home/gwu-sys-lab/Desktop/01Research/04minlib/minlib-tech/02src/test/test04/04glibc/build/libc_pic.a(getdents64.os)
                0x00000000000281b0                __getdents
                0x00000000000281b0                __GI___getdents64
                0x00000000000281b0                getdents64
                0x00000000000281b0                __getdents64
 *(.gnu.warning)

.text.compat    0x0000000000000000        0x5
 .text.compat   0x0000000000000000        0x5 /home/gwu-sys-lab/Desktop/01Research/04minlib/minlib-tech/02src/test/test04/04glibc/build/elf/dl-allobjs.os
                0x0000000000000000                __rtld_version_placeholder_1
                0x0000000000000000                __rtld_version_placeholder@GLIBC_2.34

.text.ssse3     0x0000000000000000     0xedb3
 .text.ssse3    0x0000000000000000     0x1269 /home/gwu-sys-lab/Desktop/01Research/04minlib/minlib-tech/02src/test/test04/04glibc/build/libc_pic.a(strcmp-ssse3.os)
                0x0000000000000000                __GI___strcmp_ssse3
                0x0000000000000000                __strcmp_ssse3
 *fill*         0x0000000000001269        0x7 
 .text.ssse3    0x0000000000001270     0x1769 /home/gwu-sys-lab/Desktop/01Research/04minlib/minlib-tech/02src/test/test04/04glibc/build/libc_pic.a(strncmp-ssse3.os)
                0x0000000000001270                __strncmp_ssse3
 *fill*         0x00000000000029d9        0x7 
 .text.ssse3    0x00000000000029e0     0x29f7 /home/gwu-sys-lab/Desktop/01Research/04minlib/minlib-tech/02src/test/test04/04glibc/build/libc_pic.a(memcpy-ssse3.os)
                0x00000000000029e0                __mempcpy_chk_ssse3
                0x00000000000029f0                __mempcpy_ssse3
                0x0000000000002a00                __memcpy_chk_ssse3
                0x0000000000002a10                __memcpy_ssse3
 *fill*         0x00000000000053d7        0x9 
 .text.ssse3    0x00000000000053e0     0x2b88 /home/gwu-sys-lab/Desktop/01Research/04minlib/minlib-tech/02src/test/test04/04glibc/build/libc_pic.a(memmove-ssse3.os)
                0x00000000000053e0                __memmove_chk_ssse3
                0x00000000000053f0                __memmove_ssse3
 *fill*         0x0000000000007f68        0x8 
 .text.ssse3    0x0000000000007f70     0x2b06 /home/gwu-sys-lab/Desktop/01Research/04minlib/minlib-tech/02src/test/test04/04glibc/build/libc_pic.a(memcpy-ssse3-back.os)
                0x0000000000007f70                __mempcpy_chk_ssse3_back
                0x0000000000007f80                __mempcpy_ssse3_back
                0x0000000000007f90                __memcpy_chk_ssse3_back
                0x0000000000007fa0                __memcpy_ssse3_back
 *fill*         0x000000000000aa76        0xa 
 .text.ssse3    0x000000000000aa80     0x2b26 /home/gwu-sys-lab/Desktop/01Research/04minlib/minlib-tech/02src/test/test04/04glibc/build/libc_pic.a(memmove-ssse3-back.os)
                0x000000000000aa80                __memmove_chk_ssse3_back
                0x000000000000aa90                __memmove_ssse3_back
 *fill*         0x000000000000d5a6        0xa 
 .text.ssse3    0x000000000000d5b0     0x1803 /home/gwu-sys-lab/Desktop/01Research/04minlib/minlib-tech/02src/test/test04/04glibc/build/libc_pic.a(stpcpy-ssse3.os)
                0x000000000000d5b0                __stpcpy_ssse3

.text.avx       0x0000000000000000     0x263c
 .text.avx      0x0000000000000000      0x43f /home/gwu-sys-lab/Desktop/01Research/04minlib/minlib-tech/02src/test/test04/04glibc/build/libc_pic.a(strcmp-avx2.os)
                0x0000000000000000                __strcmp_avx2
 *fill*         0x000000000000043f        0x1 
 .text.avx      0x0000000000000440      0x528 /home/gwu-sys-lab/Desktop/01Research/04minlib/minlib-tech/02src/test/test04/04glibc/build/libc_pic.a(strncmp-avx2.os)
                0x0000000000000440                __strncmp_avx2
 *fill*         0x0000000000000968       0x18 
 .text.avx      0x0000000000000980      0x2cf /home/gwu-sys-lab/Desktop/01Research/04minlib/minlib-tech/02src/test/test04/04glibc/build/libc_pic.a(memchr-avx2.os)
                0x0000000000000980                __memchr_avx2
 *fill*         0x0000000000000c4f        0x1 
 .text.avx      0x0000000000000c50      0x16f /home/gwu-sys-lab/Desktop/01Research/04minlib/minlib-tech/02src/test/test04/04glibc/build/libc_pic.a(rawmemchr-avx2.os)
                0x0000000000000c50                __rawmemchr_avx2
 *fill*         0x0000000000000dbf        0x1 
 .text.avx      0x0000000000000dc0      0x43d /home/gwu-sys-lab/Desktop/01Research/04minlib/minlib-tech/02src/test/test04/04glibc/build/libc_pic.a(memcmp-avx2-movbe.os)
                0x0000000000000dc0                __memcmp_avx2_movbe
 *fill*         0x00000000000011fd        0x3 
 .text.avx      0x0000000000001200      0x271 /home/gwu-sys-lab/Desktop/01Research/04minlib/minlib-tech/02src/test/test04/04glibc/build/libc_pic.a(strchr-avx2.os)
                0x0000000000001200                __strchr_avx2
 *fill*         0x0000000000001471        0xf 
 .text.avx      0x0000000000001480      0x172 /home/gwu-sys-lab/Desktop/01Research/04minlib/minlib-tech/02src/test/test04/04glibc/build/libc_pic.a(strlen-avx2.os)
                0x0000000000001480                __strlen_avx2
 *fill*         0x00000000000015f2        0xe 
 .text.avx      0x0000000000001600      0x2ce /home/gwu-sys-lab/Desktop/01Research/04minlib/minlib-tech/02src/test/test04/04glibc/build/libc_pic.a(strnlen-avx2.os)
                0x0000000000001600                __strnlen_avx2
 *fill*         0x00000000000018ce        0x2 
 .text.avx      0x00000000000018d0      0x3ac /home/gwu-sys-lab/Desktop/01Research/04minlib/minlib-tech/02src/test/test04/04glibc/build/libc_pic.a(stpcpy-avx2.os)
                0x00000000000018d0                __stpcpy_avx2
 *fill*         0x0000000000001c7c        0x4 
 .text.avx      0x0000000000001c80      0x79e /home/gwu-sys-lab/Desktop/01Research/04minlib/minlib-tech/02src/test/test04/04glibc/build/libc_pic.a(memmove-avx-unaligned-erms.os)
                0x0000000000001c80                __mempcpy_chk_avx_unaligned
                0x0000000000001c90                __mempcpy_avx_unaligned
                0x0000000000001ca0                __memcpy_chk_avx_unaligned
                0x0000000000001ca0                __memmove_chk_avx_unaligned
                0x0000000000001cb0                __memcpy_avx_unaligned
                0x0000000000001cb0                __memmove_avx_unaligned
                0x0000000000001cf0                __mempcpy_chk_avx_unaligned_erms
                0x0000000000001d00                __mempcpy_avx_unaligned_erms
                0x0000000000001d10                __memmove_chk_avx_unaligned_erms
                0x0000000000001d10                __memcpy_chk_avx_unaligned_erms
                0x0000000000001d40                __memcpy_avx_unaligned_erms
                0x0000000000001d40                __memmove_avx_unaligned_erms
 *fill*         0x000000000000241e       0x22 
 .text.avx      0x0000000000002440      0x1fc /home/gwu-sys-lab/Desktop/01Research/04minlib/minlib-tech/02src/test/test04/04glibc/build/libc_pic.a(memset-avx2-unaligned-erms.os)
                0x0000000000002440                __wmemset_chk_avx2_unaligned
                0x0000000000002450                __wmemset_avx2_unaligned
                0x0000000000002470                __memset_chk_avx2_unaligned
                0x0000000000002480                __memset_avx2_unaligned
                0x00000000000024c0                __memset_avx2_erms
                0x00000000000024e0                __memset_chk_avx2_unaligned_erms
                0x0000000000002500                __memset_avx2_unaligned_erms

.text.sse4.2    0x0000000000000000     0x111f
 .text.sse4.2   0x0000000000000000      0xfd9 /home/gwu-sys-lab/Desktop/01Research/04minlib/minlib-tech/02src/test/test04/04glibc/build/libc_pic.a(strncmp-sse4_2.os)
                0x0000000000000000                __strncmp_sse42
 *fill*         0x0000000000000fd9        0x7 
 .text.sse4.2   0x0000000000000fe0      0x13f /home/gwu-sys-lab/Desktop/01Research/04minlib/minlib-tech/02src/test/test04/04glibc/build/libc_pic.a(strcspn-c.os)
                0x0000000000000fe0                __strcspn_sse42

.text.sse4.1    0x0000000000000000      0x89f
 .text.sse4.1   0x0000000000000000      0x89f /home/gwu-sys-lab/Desktop/01Research/04minlib/minlib-tech/02src/test/test04/04glibc/build/libc_pic.a(memcmp-sse4.os)
                0x0000000000000000                __memcmp_sse4_1

.text.avx512    0x0000000000000000      0x9f4
 .text.avx512   0x0000000000000000      0x76f /home/gwu-sys-lab/Desktop/01Research/04minlib/minlib-tech/02src/test/test04/04glibc/build/libc_pic.a(memmove-avx512-no-vzeroupper.os)
                0x0000000000000000                __mempcpy_chk_avx512_no_vzeroupper
                0x0000000000000010                __mempcpy_avx512_no_vzeroupper
                0x0000000000000020                __memcpy_chk_avx512_no_vzeroupper
                0x0000000000000020                __memmove_chk_avx512_no_vzeroupper
                0x0000000000000030                __memcpy_avx512_no_vzeroupper
                0x0000000000000030                __memmove_avx512_no_vzeroupper
 *fill*         0x000000000000076f        0x1 
 .text.avx512   0x0000000000000770      0x284 /home/gwu-sys-lab/Desktop/01Research/04minlib/minlib-tech/02src/test/test04/04glibc/build/libc_pic.a(memset-avx512-no-vzeroupper.os)
                0x0000000000000770                __memset_chk_avx512_no_vzeroupper
                0x0000000000000780                __memset_avx512_no_vzeroupper

.text.atom      0x0000000000000000     0x1a83
 .text.atom     0x0000000000000000      0x315 /home/gwu-sys-lab/Desktop/01Research/04minlib/minlib-tech/02src/test/test04/04glibc/build/libc_pic.a(strchr-sse2-no-bsf.os)
                0x0000000000000000                __strchr_sse2_no_bsf
 *fill*         0x0000000000000315        0xb 
 .text.atom     0x0000000000000320     0x1763 /home/gwu-sys-lab/Desktop/01Research/04minlib/minlib-tech/02src/test/test04/04glibc/build/libc_pic.a(memcmp-ssse3.os)
                0x0000000000000320                __memcmp_ssse3

.text.evex512   0x0000000000000000      0xaa9
 .text.evex512  0x0000000000000000      0x880 /home/gwu-sys-lab/Desktop/01Research/04minlib/minlib-tech/02src/test/test04/04glibc/build/libc_pic.a(memmove-avx512-unaligned-erms.os)
                0x0000000000000000                __mempcpy_chk_avx512_unaligned
                0x0000000000000010                __mempcpy_avx512_unaligned
                0x0000000000000020                __memcpy_chk_avx512_unaligned
                0x0000000000000020                __memmove_chk_avx512_unaligned
                0x0000000000000030                __memmove_avx512_unaligned
                0x0000000000000030                __memcpy_avx512_unaligned
                0x0000000000000070                __mempcpy_chk_avx512_unaligned_erms
                0x0000000000000080                __mempcpy_avx512_unaligned_erms
                0x0000000000000090                __memcpy_chk_avx512_unaligned_erms
                0x0000000000000090                __memmove_chk_avx512_unaligned_erms
                0x00000000000000c0                __memmove_avx512_unaligned_erms
                0x00000000000000c0                __memcpy_avx512_unaligned_erms
 .text.evex512  0x0000000000000880      0x229 /home/gwu-sys-lab/Desktop/01Research/04minlib/minlib-tech/02src/test/test04/04glibc/build/libc_pic.a(memset-avx512-unaligned-erms.os)
                0x0000000000000880                __wmemset_chk_avx512_unaligned
                0x0000000000000890                __wmemset_avx512_unaligned
                0x00000000000008b0                __memset_chk_avx512_unaligned
                0x00000000000008c0                __memset_avx512_unaligned
                0x0000000000000900                __memset_avx512_erms
                0x0000000000000920                __memset_chk_avx512_unaligned_erms
                0x0000000000000940                __memset_avx512_unaligned_erms

.text.avx.rtm   0x0000000000000000     0x269c
 .text.avx.rtm  0x0000000000000000      0x2c0 /home/gwu-sys-lab/Desktop/01Research/04minlib/minlib-tech/02src/test/test04/04glibc/build/libc_pic.a(memchr-avx2-rtm.os)
                0x0000000000000000                __memchr_avx2_rtm
 .text.avx.rtm  0x00000000000002c0      0x43d /home/gwu-sys-lab/Desktop/01Research/04minlib/minlib-tech/02src/test/test04/04glibc/build/libc_pic.a(memcmp-avx2-movbe-rtm.os)
                0x00000000000002c0                __memcmp_avx2_movbe_rtm
 *fill*         0x00000000000006fd        0x3 
 .text.avx.rtm  0x0000000000000700      0x79f /home/gwu-sys-lab/Desktop/01Research/04minlib/minlib-tech/02src/test/test04/04glibc/build/libc_pic.a(memmove-avx-unaligned-erms-rtm.os)
                0x0000000000000700                __mempcpy_chk_avx_unaligned_rtm
                0x0000000000000710                __mempcpy_avx_unaligned_rtm
                0x0000000000000720                __memmove_chk_avx_unaligned_rtm
                0x0000000000000720                __memcpy_chk_avx_unaligned_rtm
                0x0000000000000730                __memcpy_avx_unaligned_rtm
                0x0000000000000730                __memmove_avx_unaligned_rtm
                0x0000000000000770                __mempcpy_chk_avx_unaligned_erms_rtm
                0x0000000000000780                __mempcpy_avx_unaligned_erms_rtm
                0x0000000000000790                __memcpy_chk_avx_unaligned_erms_rtm
                0x0000000000000790                __memmove_chk_avx_unaligned_erms_rtm
                0x00000000000007c0                __memmove_avx_unaligned_erms_rtm
                0x00000000000007c0                __memcpy_avx_unaligned_erms_rtm
 *fill*         0x0000000000000e9f       0x21 
 .text.avx.rtm  0x0000000000000ec0      0x1fd /home/gwu-sys-lab/Desktop/01Research/04minlib/minlib-tech/02src/test/test04/04glibc/build/libc_pic.a(memset-avx2-unaligned-erms-rtm.os)
                0x0000000000000ec0                __wmemset_chk_avx2_unaligned_rtm
                0x0000000000000ed0                __wmemset_avx2_unaligned_rtm
                0x0000000000000ef0                __memset_chk_avx2_unaligned_rtm
                0x0000000000000f00                __memset_avx2_unaligned_rtm
                0x0000000000000f40                __memset_avx2_erms_rtm
                0x0000000000000f60                __memset_chk_avx2_unaligned_erms_rtm
                0x0000000000000f80                __memset_avx2_unaligned_erms_rtm
 *fill*         0x00000000000010bd        0x3 
 .text.avx.rtm  0x00000000000010c0      0x160 /home/gwu-sys-lab/Desktop/01Research/04minlib/minlib-tech/02src/test/test04/04glibc/build/libc_pic.a(rawmemchr-avx2-rtm.os)
                0x00000000000010c0                __rawmemchr_avx2_rtm
 .text.avx.rtm  0x0000000000001220      0x27a /home/gwu-sys-lab/Desktop/01Research/04minlib/minlib-tech/02src/test/test04/04glibc/build/libc_pic.a(strchr-avx2-rtm.os)
                0x0000000000001220                __strchr_avx2_rtm
 *fill*         0x000000000000149a        0x6 
 .text.avx.rtm  0x00000000000014a0      0x470 /home/gwu-sys-lab/Desktop/01Research/04minlib/minlib-tech/02src/test/test04/04glibc/build/libc_pic.a(strcmp-avx2-rtm.os)
                0x00000000000014a0                __strcmp_avx2_rtm
 .text.avx.rtm  0x0000000000001910      0x3bd /home/gwu-sys-lab/Desktop/01Research/04minlib/minlib-tech/02src/test/test04/04glibc/build/libc_pic.a(stpcpy-avx2-rtm.os)
                0x0000000000001910                __stpcpy_avx2_rtm
 *fill*         0x0000000000001ccd       0x13 
 .text.avx.rtm  0x0000000000001ce0      0x16b /home/gwu-sys-lab/Desktop/01Research/04minlib/minlib-tech/02src/test/test04/04glibc/build/libc_pic.a(strlen-avx2-rtm.os)
                0x0000000000001ce0                __strlen_avx2_rtm
 *fill*         0x0000000000001e4b        0x5 
 .text.avx.rtm  0x0000000000001e50      0x54d /home/gwu-sys-lab/Desktop/01Research/04minlib/minlib-tech/02src/test/test04/04glibc/build/libc_pic.a(strncmp-avx2-rtm.os)
                0x0000000000001e50                __strncmp_avx2_rtm
 *fill*         0x000000000000239d        0x3 
 .text.avx.rtm  0x00000000000023a0      0x2fc /home/gwu-sys-lab/Desktop/01Research/04minlib/minlib-tech/02src/test/test04/04glibc/build/libc_pic.a(strnlen-avx2-rtm.os)
                0x00000000000023a0                __strnlen_avx2_rtm

.text.evex      0x0000000000000000     0x273e
 .text.evex     0x0000000000000000      0x2da /home/gwu-sys-lab/Desktop/01Research/04minlib/minlib-tech/02src/test/test04/04glibc/build/libc_pic.a(memchr-evex.os)
                0x0000000000000000                __memchr_evex
 *fill*         0x00000000000002da       0x26 
 .text.evex     0x0000000000000300      0x2ff /home/gwu-sys-lab/Desktop/01Research/04minlib/minlib-tech/02src/test/test04/04glibc/build/libc_pic.a(memcmp-evex-movbe.os)
                0x0000000000000300                __memcmp_evex_movbe
 *fill*         0x00000000000005ff        0x1 
 .text.evex     0x0000000000000600      0x87b /home/gwu-sys-lab/Desktop/01Research/04minlib/minlib-tech/02src/test/test04/04glibc/build/libc_pic.a(memmove-evex-unaligned-erms.os)
                0x0000000000000600                __mempcpy_chk_evex_unaligned
                0x0000000000000610                __mempcpy_evex_unaligned
                0x0000000000000620                __memcpy_chk_evex_unaligned
                0x0000000000000620                __memmove_chk_evex_unaligned
                0x0000000000000630                __memmove_evex_unaligned
                0x0000000000000630                __memcpy_evex_unaligned
                0x0000000000000670                __mempcpy_chk_evex_unaligned_erms
                0x0000000000000680                __mempcpy_evex_unaligned_erms
                0x0000000000000690                __memcpy_chk_evex_unaligned_erms
                0x0000000000000690                __memmove_chk_evex_unaligned_erms
                0x00000000000006c0                __memmove_evex_unaligned_erms
                0x00000000000006c0                __memcpy_evex_unaligned_erms
 *fill*         0x0000000000000e7b        0x5 
 .text.evex     0x0000000000000e80      0x209 /home/gwu-sys-lab/Desktop/01Research/04minlib/minlib-tech/02src/test/test04/04glibc/build/libc_pic.a(memset-evex-unaligned-erms.os)
                0x0000000000000e80                __wmemset_chk_evex_unaligned
                0x0000000000000e90                __wmemset_evex_unaligned
                0x0000000000000eb0                __memset_chk_evex_unaligned
                0x0000000000000ec0                __memset_evex_unaligned
                0x0000000000000ef0                __memset_evex_erms
                0x0000000000000f10                __memset_chk_evex_unaligned_erms
                0x0000000000000f40                __memset_evex_unaligned_erms
 *fill*         0x0000000000001089       0x17 
 .text.evex     0x00000000000010a0      0x17d /home/gwu-sys-lab/Desktop/01Research/04minlib/minlib-tech/02src/test/test04/04glibc/build/libc_pic.a(rawmemchr-evex.os)
                0x00000000000010a0                __rawmemchr_evex
 *fill*         0x000000000000121d        0x3 
 .text.evex     0x0000000000001220      0x447 /home/gwu-sys-lab/Desktop/01Research/04minlib/minlib-tech/02src/test/test04/04glibc/build/libc_pic.a(stpcpy-evex.os)
                0x0000000000001220                __stpcpy_evex
 *fill*         0x0000000000001667       0x19 
 .text.evex     0x0000000000001680      0x28f /home/gwu-sys-lab/Desktop/01Research/04minlib/minlib-tech/02src/test/test04/04glibc/build/libc_pic.a(strchr-evex.os)
                0x0000000000001680                __strchr_evex
 *fill*         0x000000000000190f        0x1 
 .text.evex     0x0000000000001910      0x46c /home/gwu-sys-lab/Desktop/01Research/04minlib/minlib-tech/02src/test/test04/04glibc/build/libc_pic.a(strcmp-evex.os)
                0x0000000000001910                __strcmp_evex
 *fill*         0x0000000000001d7c        0x4 
 .text.evex     0x0000000000001d80      0x174 /home/gwu-sys-lab/Desktop/01Research/04minlib/minlib-tech/02src/test/test04/04glibc/build/libc_pic.a(strlen-evex.os)
                0x0000000000001d80                __strlen_evex
 *fill*         0x0000000000001ef4        0xc 
 .text.evex     0x0000000000001f00      0x565 /home/gwu-sys-lab/Desktop/01Research/04minlib/minlib-tech/02src/test/test04/04glibc/build/libc_pic.a(strncmp-evex.os)
                0x0000000000001f00                __strncmp_evex
 *fill*         0x0000000000002465       0x1b 
 .text.evex     0x0000000000002480      0x2be /home/gwu-sys-lab/Desktop/01Research/04minlib/minlib-tech/02src/test/test04/04glibc/build/libc_pic.a(strnlen-evex.os)
                0x0000000000002480                __strnlen_evex

.text.evex.rtm  0x0000000000000000      0x49a
 .text.evex.rtm
                0x0000000000000000      0x2ea /home/gwu-sys-lab/Desktop/01Research/04minlib/minlib-tech/02src/test/test04/04glibc/build/libc_pic.a(memchr-evex-rtm.os)
                0x0000000000000000                __memchr_evex_rtm
 *fill*         0x00000000000002ea       0x16 
 .text.evex.rtm
                0x0000000000000300      0x19a /home/gwu-sys-lab/Desktop/01Research/04minlib/minlib-tech/02src/test/test04/04glibc/build/libc_pic.a(rawmemchr-evex-rtm.os)
                0x0000000000000300                __rawmemchr_evex_rtm

.fini
 *(SORT_NONE(.fini))

.rodata         0x0000000000000000     0x1b0c
 *(.rodata)
 .rodata        0x0000000000000000     0x13b3 /home/gwu-sys-lab/Desktop/01Research/04minlib/minlib-tech/02src/test/test04/04glibc/build/elf/dl-allobjs.os
 *fill*         0x00000000000013b3        0x5 
 .rodata        0x00000000000013b8       0x40 /home/gwu-sys-lab/Desktop/01Research/04minlib/minlib-tech/02src/test/test04/04glibc/build/libc_pic.a(strcmp-sse2.os)
 .rodata        0x00000000000013f8       0x40 /home/gwu-sys-lab/Desktop/01Research/04minlib/minlib-tech/02src/test/test04/04glibc/build/libc_pic.a(strcmp-ssse3.os)
 .rodata        0x0000000000001438       0x40 /home/gwu-sys-lab/Desktop/01Research/04minlib/minlib-tech/02src/test/test04/04glibc/build/libc_pic.a(strncmp-sse2.os)
 .rodata        0x0000000000001478       0x40 /home/gwu-sys-lab/Desktop/01Research/04minlib/minlib-tech/02src/test/test04/04glibc/build/libc_pic.a(strncmp-ssse3.os)
 .rodata        0x00000000000014b8       0x80 /home/gwu-sys-lab/Desktop/01Research/04minlib/minlib-tech/02src/test/test04/04glibc/build/libc_pic.a(stpcpy-sse2-unaligned.os)
 *fill*         0x0000000000001538        0x8 
 .rodata        0x0000000000001540       0x1f /home/gwu-sys-lab/Desktop/01Research/04minlib/minlib-tech/02src/test/test04/04glibc/build/libc_pic.a(varshift.os)
                0x0000000000001540                ___m128i_shift_right
 *fill*         0x000000000000155f        0x1 
 .rodata        0x0000000000001560       0x34 /home/gwu-sys-lab/Desktop/01Research/04minlib/minlib-tech/02src/test/test04/04glibc/build/libc_pic.a(cacheinfo.os)
 *fill*         0x0000000000001594        0xc 
 .rodata        0x00000000000015a0      0x56c /home/gwu-sys-lab/Desktop/01Research/04minlib/minlib-tech/02src/test/test04/04glibc/build/libc_pic.a(errlist.os)

.rodata.str1.1  0x0000000000000000     0x21cd
 .rodata.str1.1
                0x0000000000000000     0x1906 /home/gwu-sys-lab/Desktop/01Research/04minlib/minlib-tech/02src/test/test04/04glibc/build/elf/dl-allobjs.os
 .rodata.str1.1
                0x0000000000001906       0x14 /home/gwu-sys-lab/Desktop/01Research/04minlib/minlib-tech/02src/test/test04/04glibc/build/libc_pic.a(check_fds.os)
 .rodata.str1.1
                0x000000000000191a        0x1 /home/gwu-sys-lab/Desktop/01Research/04minlib/minlib-tech/02src/test/test04/04glibc/build/libc_pic.a(fstat64.os)
 .rodata.str1.1
                0x000000000000191b      0x8b2 /home/gwu-sys-lab/Desktop/01Research/04minlib/minlib-tech/02src/test/test04/04glibc/build/libc_pic.a(errlist.os)

.rodata.str1.16
                0x0000000000000000      0x585
 .rodata.str1.16
                0x0000000000000000      0x585 /home/gwu-sys-lab/Desktop/01Research/04minlib/minlib-tech/02src/test/test04/04glibc/build/elf/dl-allobjs.os
                0x00000000000003f0                _dl_hwcaps_subdirs
                0x0000000000000450                __GI__itoa_lower_digits
                0x0000000000000450                _itoa_lower_digits

.rodata.str1.8  0x0000000000000000     0x35a7
 .rodata.str1.8
                0x0000000000000000     0x31a9 /home/gwu-sys-lab/Desktop/01Research/04minlib/minlib-tech/02src/test/test04/04glibc/build/elf/dl-allobjs.os
 *fill*         0x00000000000031a9        0x7 
 .rodata.str1.8
                0x00000000000031b0       0x37 /home/gwu-sys-lab/Desktop/01Research/04minlib/minlib-tech/02src/test/test04/04glibc/build/libc_pic.a(lowlevellock.os)
 *fill*         0x00000000000031e7        0x1 
 .rodata.str1.8
                0x00000000000031e8      0x3bf /home/gwu-sys-lab/Desktop/01Research/04minlib/minlib-tech/02src/test/test04/04glibc/build/libc_pic.a(errlist.os)

.rodata.str1.32
                0x0000000000000000       0xdb
 .rodata.str1.32
                0x0000000000000000       0xdb /home/gwu-sys-lab/Desktop/01Research/04minlib/minlib-tech/02src/test/test04/04glibc/build/elf/dl-allobjs.os

.rodata.cst16   0x0000000000000000       0x10
 .rodata.cst16  0x0000000000000000       0x10 /home/gwu-sys-lab/Desktop/01Research/04minlib/minlib-tech/02src/test/test04/04glibc/build/elf/dl-allobjs.os

.rodata.cst4    0x0000000000000000       0x18
 .rodata.cst4   0x0000000000000000        0x8 /home/gwu-sys-lab/Desktop/01Research/04minlib/minlib-tech/02src/test/test04/04glibc/build/elf/dl-allobjs.os
                0x0000000000000004                __rseq_flags
 .rodata.cst4   0x0000000000000008       0x10 /home/gwu-sys-lab/Desktop/01Research/04minlib/minlib-tech/02src/test/test04/04glibc/build/libc_pic.a(errlist.os)
                0x0000000000000008                _sys_nerr@GLIBC_2.2.5
                0x0000000000000008                __GLIBC_2_1__sys_nerr
                0x0000000000000008                sys_nerr@GLIBC_2.2.5
                0x0000000000000008                __GLIBC_2_1_sys_nerr
                0x000000000000000c                sys_nerr@GLIBC_2.3
                0x000000000000000c                _sys_nerr@GLIBC_2.3
                0x000000000000000c                __GLIBC_2_3__sys_nerr
                0x000000000000000c                __GLIBC_2_3_sys_nerr
                0x0000000000000010                _sys_nerr@GLIBC_2.4
                0x0000000000000010                __GLIBC_2_4_sys_nerr
                0x0000000000000010                sys_nerr@GLIBC_2.4
                0x0000000000000010                __GLIBC_2_4__sys_nerr
                0x0000000000000014                __GLIBC_2_12_sys_nerr
                0x0000000000000014                __GLIBC_2_12__sys_nerr
                0x0000000000000014                sys_nerr@GLIBC_2.12
                0x0000000000000014                _sys_nerr@GLIBC_2.12

.rodata.sse4.2  0x0000000000000000       0x40
 .rodata.sse4.2
                0x0000000000000000       0x40 /home/gwu-sys-lab/Desktop/01Research/04minlib/minlib-tech/02src/test/test04/04glibc/build/libc_pic.a(strncmp-sse4_2.os)

.rodata.ssse3   0x0000000000000000      0xd80
 .rodata.ssse3  0x0000000000000000      0x1c0 /home/gwu-sys-lab/Desktop/01Research/04minlib/minlib-tech/02src/test/test04/04glibc/build/libc_pic.a(memcpy-ssse3.os)
 .rodata.ssse3  0x00000000000001c0      0x1c0 /home/gwu-sys-lab/Desktop/01Research/04minlib/minlib-tech/02src/test/test04/04glibc/build/libc_pic.a(memmove-ssse3.os)
 .rodata.ssse3  0x0000000000000380      0x500 /home/gwu-sys-lab/Desktop/01Research/04minlib/minlib-tech/02src/test/test04/04glibc/build/libc_pic.a(memcpy-ssse3-back.os)
 .rodata.ssse3  0x0000000000000880      0x500 /home/gwu-sys-lab/Desktop/01Research/04minlib/minlib-tech/02src/test/test04/04glibc/build/libc_pic.a(memmove-ssse3-back.os)

.rodata1
 *(.rodata1)

.eh_frame_hdr
 *(.eh_frame_hdr)

.eh_frame       0x0000000000000000     0x53d4
 *(.eh_frame)
 .eh_frame      0x0000000000000000     0x34d0 /home/gwu-sys-lab/Desktop/01Research/04minlib/minlib-tech/02src/test/test04/04glibc/build/elf/dl-allobjs.os
                                       0x3550 (size before relaxing)
 .eh_frame      0x00000000000034d0       0x68 /home/gwu-sys-lab/Desktop/01Research/04minlib/minlib-tech/02src/test/test04/04glibc/build/libc_pic.a(check_fds.os)
 .eh_frame      0x0000000000003538       0x30 /home/gwu-sys-lab/Desktop/01Research/04minlib/minlib-tech/02src/test/test04/04glibc/build/libc_pic.a(setjmp.os)
 .eh_frame      0x0000000000003568       0x48 /home/gwu-sys-lab/Desktop/01Research/04minlib/minlib-tech/02src/test/test04/04glibc/build/libc_pic.a(__longjmp.os)
 .eh_frame      0x00000000000035b0       0x70 /home/gwu-sys-lab/Desktop/01Research/04minlib/minlib-tech/02src/test/test04/04glibc/build/libc_pic.a(lowlevellock.os)
 .eh_frame      0x0000000000003620       0x58 /home/gwu-sys-lab/Desktop/01Research/04minlib/minlib-tech/02src/test/test04/04glibc/build/libc_pic.a(scratch_buffer_set_array_size.os)
 .eh_frame      0x0000000000003678       0x30 /home/gwu-sys-lab/Desktop/01Research/04minlib/minlib-tech/02src/test/test04/04glibc/build/libc_pic.a(strchr.os)
 .eh_frame      0x00000000000036a8       0x30 /home/gwu-sys-lab/Desktop/01Research/04minlib/minlib-tech/02src/test/test04/04glibc/build/libc_pic.a(strcmp.os)
 .eh_frame      0x00000000000036d8       0x30 /home/gwu-sys-lab/Desktop/01Research/04minlib/minlib-tech/02src/test/test04/04glibc/build/libc_pic.a(strcspn.os)
 .eh_frame      0x0000000000003708       0x50 /home/gwu-sys-lab/Desktop/01Research/04minlib/minlib-tech/02src/test/test04/04glibc/build/libc_pic.a(strdup.os)
 .eh_frame      0x0000000000003758       0x30 /home/gwu-sys-lab/Desktop/01Research/04minlib/minlib-tech/02src/test/test04/04glibc/build/libc_pic.a(strlen.os)
 .eh_frame      0x0000000000003788       0x30 /home/gwu-sys-lab/Desktop/01Research/04minlib/minlib-tech/02src/test/test04/04glibc/build/libc_pic.a(strnlen.os)
 .eh_frame      0x00000000000037b8       0x30 /home/gwu-sys-lab/Desktop/01Research/04minlib/minlib-tech/02src/test/test04/04glibc/build/libc_pic.a(strncmp.os)
 .eh_frame      0x00000000000037e8       0x30 /home/gwu-sys-lab/Desktop/01Research/04minlib/minlib-tech/02src/test/test04/04glibc/build/libc_pic.a(memchr.os)
 .eh_frame      0x0000000000003818       0x30 /home/gwu-sys-lab/Desktop/01Research/04minlib/minlib-tech/02src/test/test04/04glibc/build/libc_pic.a(memcmp.os)
 .eh_frame      0x0000000000003848       0x30 /home/gwu-sys-lab/Desktop/01Research/04minlib/minlib-tech/02src/test/test04/04glibc/build/libc_pic.a(memmove.os)
 .eh_frame      0x0000000000003878       0x30 /home/gwu-sys-lab/Desktop/01Research/04minlib/minlib-tech/02src/test/test04/04glibc/build/libc_pic.a(memset.os)
 .eh_frame      0x00000000000038a8       0x30 /home/gwu-sys-lab/Desktop/01Research/04minlib/minlib-tech/02src/test/test04/04glibc/build/libc_pic.a(mempcpy.os)
 .eh_frame      0x00000000000038d8       0x30 /home/gwu-sys-lab/Desktop/01Research/04minlib/minlib-tech/02src/test/test04/04glibc/build/libc_pic.a(stpcpy.os)
 .eh_frame      0x0000000000003908       0x30 /home/gwu-sys-lab/Desktop/01Research/04minlib/minlib-tech/02src/test/test04/04glibc/build/libc_pic.a(memcpy.os)
 .eh_frame      0x0000000000003938       0x30 /home/gwu-sys-lab/Desktop/01Research/04minlib/minlib-tech/02src/test/test04/04glibc/build/libc_pic.a(rawmemchr.os)
 .eh_frame      0x0000000000003968       0x30 /home/gwu-sys-lab/Desktop/01Research/04minlib/minlib-tech/02src/test/test04/04glibc/build/libc_pic.a(strerrorname_np.os)
 .eh_frame      0x0000000000003998       0x30 /home/gwu-sys-lab/Desktop/01Research/04minlib/minlib-tech/02src/test/test04/04glibc/build/libc_pic.a(strcmp-sse2.os)
 .eh_frame      0x00000000000039c8       0x30 /home/gwu-sys-lab/Desktop/01Research/04minlib/minlib-tech/02src/test/test04/04glibc/build/libc_pic.a(strcmp-sse2-unaligned.os)
 .eh_frame      0x00000000000039f8       0x30 /home/gwu-sys-lab/Desktop/01Research/04minlib/minlib-tech/02src/test/test04/04glibc/build/libc_pic.a(strcmp-ssse3.os)
 .eh_frame      0x0000000000003a28       0x30 /home/gwu-sys-lab/Desktop/01Research/04minlib/minlib-tech/02src/test/test04/04glibc/build/libc_pic.a(strcmp-avx2.os)
 .eh_frame      0x0000000000003a58       0x30 /home/gwu-sys-lab/Desktop/01Research/04minlib/minlib-tech/02src/test/test04/04glibc/build/libc_pic.a(strncmp-sse2.os)
 .eh_frame      0x0000000000003a88       0x30 /home/gwu-sys-lab/Desktop/01Research/04minlib/minlib-tech/02src/test/test04/04glibc/build/libc_pic.a(strncmp-ssse3.os)
 .eh_frame      0x0000000000003ab8       0x30 /home/gwu-sys-lab/Desktop/01Research/04minlib/minlib-tech/02src/test/test04/04glibc/build/libc_pic.a(strncmp-sse4_2.os)
 .eh_frame      0x0000000000003ae8       0x30 /home/gwu-sys-lab/Desktop/01Research/04minlib/minlib-tech/02src/test/test04/04glibc/build/libc_pic.a(strncmp-avx2.os)
 .eh_frame      0x0000000000003b18       0x30 /home/gwu-sys-lab/Desktop/01Research/04minlib/minlib-tech/02src/test/test04/04glibc/build/libc_pic.a(memchr-sse2.os)
 .eh_frame      0x0000000000003b48       0x30 /home/gwu-sys-lab/Desktop/01Research/04minlib/minlib-tech/02src/test/test04/04glibc/build/libc_pic.a(rawmemchr-sse2.os)
 .eh_frame      0x0000000000003b78       0x30 /home/gwu-sys-lab/Desktop/01Research/04minlib/minlib-tech/02src/test/test04/04glibc/build/libc_pic.a(memchr-avx2.os)
 .eh_frame      0x0000000000003ba8       0x30 /home/gwu-sys-lab/Desktop/01Research/04minlib/minlib-tech/02src/test/test04/04glibc/build/libc_pic.a(rawmemchr-avx2.os)
 .eh_frame      0x0000000000003bd8       0x30 /home/gwu-sys-lab/Desktop/01Research/04minlib/minlib-tech/02src/test/test04/04glibc/build/libc_pic.a(memcmp-sse2.os)
 .eh_frame      0x0000000000003c08       0x30 /home/gwu-sys-lab/Desktop/01Research/04minlib/minlib-tech/02src/test/test04/04glibc/build/libc_pic.a(memcmp-avx2-movbe.os)
 .eh_frame      0x0000000000003c38       0x30 /home/gwu-sys-lab/Desktop/01Research/04minlib/minlib-tech/02src/test/test04/04glibc/build/libc_pic.a(memcmp-sse4.os)
 .eh_frame      0x0000000000003c68       0x68 /home/gwu-sys-lab/Desktop/01Research/04minlib/minlib-tech/02src/test/test04/04glibc/build/libc_pic.a(memcpy-ssse3.os)
 .eh_frame      0x0000000000003cd0       0x40 /home/gwu-sys-lab/Desktop/01Research/04minlib/minlib-tech/02src/test/test04/04glibc/build/libc_pic.a(memmove-ssse3.os)
 .eh_frame      0x0000000000003d10       0x68 /home/gwu-sys-lab/Desktop/01Research/04minlib/minlib-tech/02src/test/test04/04glibc/build/libc_pic.a(memcpy-ssse3-back.os)
 .eh_frame      0x0000000000003d78       0x40 /home/gwu-sys-lab/Desktop/01Research/04minlib/minlib-tech/02src/test/test04/04glibc/build/libc_pic.a(memmove-ssse3-back.os)
 .eh_frame      0x0000000000003db8       0x68 /home/gwu-sys-lab/Desktop/01Research/04minlib/minlib-tech/02src/test/test04/04glibc/build/libc_pic.a(memmove-avx512-no-vzeroupper.os)
 .eh_frame      0x0000000000003e20       0x30 /home/gwu-sys-lab/Desktop/01Research/04minlib/minlib-tech/02src/test/test04/04glibc/build/libc_pic.a(strchr-sse2.os)
 .eh_frame      0x0000000000003e50       0x30 /home/gwu-sys-lab/Desktop/01Research/04minlib/minlib-tech/02src/test/test04/04glibc/build/libc_pic.a(strchr-avx2.os)
 .eh_frame      0x0000000000003e80       0x30 /home/gwu-sys-lab/Desktop/01Research/04minlib/minlib-tech/02src/test/test04/04glibc/build/libc_pic.a(strlen-sse2.os)
 .eh_frame      0x0000000000003eb0       0x30 /home/gwu-sys-lab/Desktop/01Research/04minlib/minlib-tech/02src/test/test04/04glibc/build/libc_pic.a(strnlen-sse2.os)
 .eh_frame      0x0000000000003ee0       0x30 /home/gwu-sys-lab/Desktop/01Research/04minlib/minlib-tech/02src/test/test04/04glibc/build/libc_pic.a(strlen-avx2.os)
 .eh_frame      0x0000000000003f10       0x30 /home/gwu-sys-lab/Desktop/01Research/04minlib/minlib-tech/02src/test/test04/04glibc/build/libc_pic.a(strnlen-avx2.os)
 .eh_frame      0x0000000000003f40       0x30 /home/gwu-sys-lab/Desktop/01Research/04minlib/minlib-tech/02src/test/test04/04glibc/build/libc_pic.a(stpcpy-sse2.os)
 .eh_frame      0x0000000000003f70       0x30 /home/gwu-sys-lab/Desktop/01Research/04minlib/minlib-tech/02src/test/test04/04glibc/build/libc_pic.a(stpcpy-ssse3.os)
 .eh_frame      0x0000000000003fa0       0x30 /home/gwu-sys-lab/Desktop/01Research/04minlib/minlib-tech/02src/test/test04/04glibc/build/libc_pic.a(stpcpy-sse2-unaligned.os)
 .eh_frame      0x0000000000003fd0       0x30 /home/gwu-sys-lab/Desktop/01Research/04minlib/minlib-tech/02src/test/test04/04glibc/build/libc_pic.a(stpcpy-avx2.os)
 .eh_frame      0x0000000000004000       0x30 /home/gwu-sys-lab/Desktop/01Research/04minlib/minlib-tech/02src/test/test04/04glibc/build/libc_pic.a(strchr-sse2-no-bsf.os)
 .eh_frame      0x0000000000004030       0x30 /home/gwu-sys-lab/Desktop/01Research/04minlib/minlib-tech/02src/test/test04/04glibc/build/libc_pic.a(memcmp-ssse3.os)
 .eh_frame      0x0000000000004060       0x38 /home/gwu-sys-lab/Desktop/01Research/04minlib/minlib-tech/02src/test/test04/04glibc/build/libc_pic.a(strcspn-sse2.os)
 .eh_frame      0x0000000000004098       0x30 /home/gwu-sys-lab/Desktop/01Research/04minlib/minlib-tech/02src/test/test04/04glibc/build/libc_pic.a(strcspn-c.os)
 .eh_frame      0x00000000000040c8       0x40 /home/gwu-sys-lab/Desktop/01Research/04minlib/minlib-tech/02src/test/test04/04glibc/build/libc_pic.a(memset-avx512-no-vzeroupper.os)
 .eh_frame      0x0000000000004108      0x108 /home/gwu-sys-lab/Desktop/01Research/04minlib/minlib-tech/02src/test/test04/04glibc/build/libc_pic.a(memmove-sse2-unaligned-erms.os)
 .eh_frame      0x0000000000004210       0xb8 /home/gwu-sys-lab/Desktop/01Research/04minlib/minlib-tech/02src/test/test04/04glibc/build/libc_pic.a(memmove-avx-unaligned-erms.os)
 .eh_frame      0x00000000000042c8       0xb8 /home/gwu-sys-lab/Desktop/01Research/04minlib/minlib-tech/02src/test/test04/04glibc/build/libc_pic.a(memmove-avx512-unaligned-erms.os)
 .eh_frame      0x0000000000004380       0xd0 /home/gwu-sys-lab/Desktop/01Research/04minlib/minlib-tech/02src/test/test04/04glibc/build/libc_pic.a(memset-sse2-unaligned-erms.os)
 .eh_frame      0x0000000000004450       0xa8 /home/gwu-sys-lab/Desktop/01Research/04minlib/minlib-tech/02src/test/test04/04glibc/build/libc_pic.a(memset-avx2-unaligned-erms.os)
 .eh_frame      0x00000000000044f8       0xa8 /home/gwu-sys-lab/Desktop/01Research/04minlib/minlib-tech/02src/test/test04/04glibc/build/libc_pic.a(memset-avx512-unaligned-erms.os)
 .eh_frame      0x00000000000045a0       0x30 /home/gwu-sys-lab/Desktop/01Research/04minlib/minlib-tech/02src/test/test04/04glibc/build/libc_pic.a(memchr-avx2-rtm.os)
 .eh_frame      0x00000000000045d0       0x30 /home/gwu-sys-lab/Desktop/01Research/04minlib/minlib-tech/02src/test/test04/04glibc/build/libc_pic.a(memcmp-avx2-movbe-rtm.os)
 .eh_frame      0x0000000000004600       0xb8 /home/gwu-sys-lab/Desktop/01Research/04minlib/minlib-tech/02src/test/test04/04glibc/build/libc_pic.a(memmove-avx-unaligned-erms-rtm.os)
 .eh_frame      0x00000000000046b8       0xa8 /home/gwu-sys-lab/Desktop/01Research/04minlib/minlib-tech/02src/test/test04/04glibc/build/libc_pic.a(memset-avx2-unaligned-erms-rtm.os)
 .eh_frame      0x0000000000004760       0x30 /home/gwu-sys-lab/Desktop/01Research/04minlib/minlib-tech/02src/test/test04/04glibc/build/libc_pic.a(rawmemchr-avx2-rtm.os)
 .eh_frame      0x0000000000004790       0x30 /home/gwu-sys-lab/Desktop/01Research/04minlib/minlib-tech/02src/test/test04/04glibc/build/libc_pic.a(strchr-avx2-rtm.os)
 .eh_frame      0x00000000000047c0       0x30 /home/gwu-sys-lab/Desktop/01Research/04minlib/minlib-tech/02src/test/test04/04glibc/build/libc_pic.a(strcmp-avx2-rtm.os)
 .eh_frame      0x00000000000047f0       0x30 /home/gwu-sys-lab/Desktop/01Research/04minlib/minlib-tech/02src/test/test04/04glibc/build/libc_pic.a(stpcpy-avx2-rtm.os)
 .eh_frame      0x0000000000004820       0x30 /home/gwu-sys-lab/Desktop/01Research/04minlib/minlib-tech/02src/test/test04/04glibc/build/libc_pic.a(strlen-avx2-rtm.os)
 .eh_frame      0x0000000000004850       0x30 /home/gwu-sys-lab/Desktop/01Research/04minlib/minlib-tech/02src/test/test04/04glibc/build/libc_pic.a(strncmp-avx2-rtm.os)
 .eh_frame      0x0000000000004880       0x30 /home/gwu-sys-lab/Desktop/01Research/04minlib/minlib-tech/02src/test/test04/04glibc/build/libc_pic.a(strnlen-avx2-rtm.os)
 .eh_frame      0x00000000000048b0       0x30 /home/gwu-sys-lab/Desktop/01Research/04minlib/minlib-tech/02src/test/test04/04glibc/build/libc_pic.a(memchr-evex.os)
 .eh_frame      0x00000000000048e0       0x30 /home/gwu-sys-lab/Desktop/01Research/04minlib/minlib-tech/02src/test/test04/04glibc/build/libc_pic.a(memcmp-evex-movbe.os)
 .eh_frame      0x0000000000004910       0xb8 /home/gwu-sys-lab/Desktop/01Research/04minlib/minlib-tech/02src/test/test04/04glibc/build/libc_pic.a(memmove-evex-unaligned-erms.os)
 .eh_frame      0x00000000000049c8       0xa8 /home/gwu-sys-lab/Desktop/01Research/04minlib/minlib-tech/02src/test/test04/04glibc/build/libc_pic.a(memset-evex-unaligned-erms.os)
 .eh_frame      0x0000000000004a70       0x30 /home/gwu-sys-lab/Desktop/01Research/04minlib/minlib-tech/02src/test/test04/04glibc/build/libc_pic.a(rawmemchr-evex.os)
 .eh_frame      0x0000000000004aa0       0x30 /home/gwu-sys-lab/Desktop/01Research/04minlib/minlib-tech/02src/test/test04/04glibc/build/libc_pic.a(stpcpy-evex.os)
 .eh_frame      0x0000000000004ad0       0x30 /home/gwu-sys-lab/Desktop/01Research/04minlib/minlib-tech/02src/test/test04/04glibc/build/libc_pic.a(strchr-evex.os)
 .eh_frame      0x0000000000004b00       0x30 /home/gwu-sys-lab/Desktop/01Research/04minlib/minlib-tech/02src/test/test04/04glibc/build/libc_pic.a(strcmp-evex.os)
 .eh_frame      0x0000000000004b30       0x30 /home/gwu-sys-lab/Desktop/01Research/04minlib/minlib-tech/02src/test/test04/04glibc/build/libc_pic.a(strlen-evex.os)
 .eh_frame      0x0000000000004b60       0x30 /home/gwu-sys-lab/Desktop/01Research/04minlib/minlib-tech/02src/test/test04/04glibc/build/libc_pic.a(strncmp-evex.os)
 .eh_frame      0x0000000000004b90       0x30 /home/gwu-sys-lab/Desktop/01Research/04minlib/minlib-tech/02src/test/test04/04glibc/build/libc_pic.a(strnlen-evex.os)
 .eh_frame      0x0000000000004bc0       0x30 /home/gwu-sys-lab/Desktop/01Research/04minlib/minlib-tech/02src/test/test04/04glibc/build/libc_pic.a(memchr-evex-rtm.os)
 .eh_frame      0x0000000000004bf0       0x30 /home/gwu-sys-lab/Desktop/01Research/04minlib/minlib-tech/02src/test/test04/04glibc/build/libc_pic.a(rawmemchr-evex-rtm.os)